Archive member included to satisfy reference by file (symbol)

F:/Studio/Project/Rabbot/Actuator/Motor/Wheel/Middlewares/ST/ARM/DSP/Lib/libarm_cortexM4lf_math.a(arm_pid_init_f32.o)
                              CMakeFiles/Wheel.dir/User/Controller/Src/foc.cpp.obj (arm_pid_init_f32)
F:/Studio/Project/Rabbot/Actuator/Motor/Wheel/Middlewares/ST/ARM/DSP/Lib/libarm_cortexM4lf_math.a(arm_sin_f32.o)
                              CMakeFiles/Wheel.dir/User/Controller/Src/foc.cpp.obj (arm_sin_f32)
F:/Studio/Project/Rabbot/Actuator/Motor/Wheel/Middlewares/ST/ARM/DSP/Lib/libarm_cortexM4lf_math.a(arm_cos_f32.o)
                              CMakeFiles/Wheel.dir/User/Controller/Src/foc.cpp.obj (arm_cos_f32)
F:/Studio/Project/Rabbot/Actuator/Motor/Wheel/Middlewares/ST/ARM/DSP/Lib/libarm_cortexM4lf_math.a(arm_common_tables.o)
                              F:/Studio/Project/Rabbot/Actuator/Motor/Wheel/Middlewares/ST/ARM/DSP/Lib/libarm_cortexM4lf_math.a(arm_sin_f32.o) (sinTable_f32)
D:/STM32CubeCLT_1.18.0/GNU-tools-for-STM32/bin/../lib/gcc/arm-none-eabi/13.3.1/../../../../arm-none-eabi/lib/thumb/v7e-m+fp/hard\libm.a(libm_a-wf_fmod.o)
                              CMakeFiles/Wheel.dir/User/Controller/Src/foc.cpp.obj (fmodf)
D:/STM32CubeCLT_1.18.0/GNU-tools-for-STM32/bin/../lib/gcc/arm-none-eabi/13.3.1/../../../../arm-none-eabi/lib/thumb/v7e-m+fp/hard\libm.a(libm_a-ef_fmod.o)
                              D:/STM32CubeCLT_1.18.0/GNU-tools-for-STM32/bin/../lib/gcc/arm-none-eabi/13.3.1/../../../../arm-none-eabi/lib/thumb/v7e-m+fp/hard\libm.a(libm_a-wf_fmod.o) (__ieee754_fmodf)
D:/STM32CubeCLT_1.18.0/GNU-tools-for-STM32/bin/../lib/gcc/arm-none-eabi/13.3.1/../../../../arm-none-eabi/lib/thumb/v7e-m+fp/hard\libc.a(libc_a-exit.o)
                              D:/STM32CubeCLT_1.18.0/GNU-tools-for-STM32/bin/../lib/gcc/arm-none-eabi/13.3.1/../../../../arm-none-eabi/lib/thumb/v7e-m+fp/hard/crt0.o (exit)
D:/STM32CubeCLT_1.18.0/GNU-tools-for-STM32/bin/../lib/gcc/arm-none-eabi/13.3.1/../../../../arm-none-eabi/lib/thumb/v7e-m+fp/hard\libc.a(libc_a-findfp.o)
                              D:/STM32CubeCLT_1.18.0/GNU-tools-for-STM32/bin/../lib/gcc/arm-none-eabi/13.3.1/../../../../arm-none-eabi/lib/thumb/v7e-m+fp/hard\libc.a(libc_a-exit.o) (__stdio_exit_handler)
D:/STM32CubeCLT_1.18.0/GNU-tools-for-STM32/bin/../lib/gcc/arm-none-eabi/13.3.1/../../../../arm-none-eabi/lib/thumb/v7e-m+fp/hard\libc.a(libc_a-fwalk.o)
                              D:/STM32CubeCLT_1.18.0/GNU-tools-for-STM32/bin/../lib/gcc/arm-none-eabi/13.3.1/../../../../arm-none-eabi/lib/thumb/v7e-m+fp/hard\libc.a(libc_a-findfp.o) (_fwalk_sglue)
D:/STM32CubeCLT_1.18.0/GNU-tools-for-STM32/bin/../lib/gcc/arm-none-eabi/13.3.1/../../../../arm-none-eabi/lib/thumb/v7e-m+fp/hard\libc.a(libc_a-snprintf.o)
                              CMakeFiles/Wheel.dir/User/Shell/Src/log.c.obj (snprintf)
D:/STM32CubeCLT_1.18.0/GNU-tools-for-STM32/bin/../lib/gcc/arm-none-eabi/13.3.1/../../../../arm-none-eabi/lib/thumb/v7e-m+fp/hard\libc.a(libc_a-sprintf.o)
                              CMakeFiles/Wheel.dir/User/Shell/Src/log.c.obj (sprintf)
D:/STM32CubeCLT_1.18.0/GNU-tools-for-STM32/bin/../lib/gcc/arm-none-eabi/13.3.1/../../../../arm-none-eabi/lib/thumb/v7e-m+fp/hard\libc.a(libc_a-stdio.o)
                              D:/STM32CubeCLT_1.18.0/GNU-tools-for-STM32/bin/../lib/gcc/arm-none-eabi/13.3.1/../../../../arm-none-eabi/lib/thumb/v7e-m+fp/hard\libc.a(libc_a-findfp.o) (__sread)
D:/STM32CubeCLT_1.18.0/GNU-tools-for-STM32/bin/../lib/gcc/arm-none-eabi/13.3.1/../../../../arm-none-eabi/lib/thumb/v7e-m+fp/hard\libc.a(libc_a-vsnprintf.o)
                              CMakeFiles/Wheel.dir/User/Shell/Src/shell.c.obj (vsnprintf)
D:/STM32CubeCLT_1.18.0/GNU-tools-for-STM32/bin/../lib/gcc/arm-none-eabi/13.3.1/../../../../arm-none-eabi/lib/thumb/v7e-m+fp/hard\libc.a(libc_a-memset.o)
                              D:/STM32CubeCLT_1.18.0/GNU-tools-for-STM32/bin/../lib/gcc/arm-none-eabi/13.3.1/../../../../arm-none-eabi/lib/thumb/v7e-m+fp/hard/crt0.o (memset)
D:/STM32CubeCLT_1.18.0/GNU-tools-for-STM32/bin/../lib/gcc/arm-none-eabi/13.3.1/../../../../arm-none-eabi/lib/thumb/v7e-m+fp/hard\libc.a(libc_a-strncmp.o)
                              CMakeFiles/Wheel.dir/User/Shell/Src/shell.c.obj (strncmp)
D:/STM32CubeCLT_1.18.0/GNU-tools-for-STM32/bin/../lib/gcc/arm-none-eabi/13.3.1/../../../../arm-none-eabi/lib/thumb/v7e-m+fp/hard\libc.a(libc_a-closer.o)
                              D:/STM32CubeCLT_1.18.0/GNU-tools-for-STM32/bin/../lib/gcc/arm-none-eabi/13.3.1/../../../../arm-none-eabi/lib/thumb/v7e-m+fp/hard\libc.a(libc_a-stdio.o) (_close_r)
D:/STM32CubeCLT_1.18.0/GNU-tools-for-STM32/bin/../lib/gcc/arm-none-eabi/13.3.1/../../../../arm-none-eabi/lib/thumb/v7e-m+fp/hard\libc.a(libc_a-reent.o)
                              D:/STM32CubeCLT_1.18.0/GNU-tools-for-STM32/bin/../lib/gcc/arm-none-eabi/13.3.1/../../../../arm-none-eabi/lib/thumb/v7e-m+fp/hard\libc.a(libc_a-closer.o) (errno)
[...]
Memory Configuration

Name             Origin             Length             Attributes
RAM              0x20000000         0x00008000         xrw
FLASH            0x08000000         0x00020000         xr
*default*        0x00000000         0xffffffff

Linker script and memory map

LOAD D:/STM32CubeCLT_1.18.0/GNU-tools-for-STM32/bin/../lib/gcc/arm-none-eabi/13.3.1/thumb/v7e-m+fp/hard/crti.o
LOAD D:/STM32CubeCLT_1.18.0/GNU-tools-for-STM32/bin/../lib/gcc/arm-none-eabi/13.3.1/thumb/v7e-m+fp/hard/crtbegin.o
LOAD D:/STM32CubeCLT_1.18.0/GNU-tools-for-STM32/bin/../lib/gcc/arm-none-eabi/13.3.1/../../../../arm-none-eabi/lib/thumb/v7e-m+fp/hard/crt0.o
START GROUP
END GROUP
START GROUP
LOAD D:/STM32CubeCLT_1.18.0/GNU-tools-for-STM32/bin/../lib/gcc/arm-none-eabi/13.3.1/../../../../arm-none-eabi/lib/thumb/v7e-m+fp/hard\libstdc++.a
LOAD D:/STM32CubeCLT_1.18.0/GNU-tools-for-STM32/bin/../lib/gcc/arm-none-eabi/13.3.1/../../../../arm-none-eabi/lib/thumb/v7e-m+fp/hard\libsupc++.a
END GROUP
LOAD cmake/stm32cubemx/CMakeFiles/STM32_Drivers.dir/__/__/Core/Src/system_stm32g4xx.c.obj
LOAD cmake/stm32cubemx/CMakeFiles/STM32_Drivers.dir/__/__/Drivers/STM32G4xx_HAL_Driver/Src/stm32g4xx_hal_adc.c.obj
LOAD cmake/stm32cubemx/CMakeFiles/STM32_Drivers.dir/__/__/Drivers/STM32G4xx_HAL_Driver/Src/stm32g4xx_hal_adc_ex.c.obj
LOAD cmake/stm32cubemx/CMakeFiles/STM32_Drivers.dir/__/__/Drivers/STM32G4xx_HAL_Driver/Src/stm32g4xx_ll_adc.c.obj
LOAD cmake/stm32cubemx/CMakeFiles/STM32_Drivers.dir/__/__/Drivers/STM32G4xx_HAL_Driver/Src/stm32g4xx_hal.c.obj
LOAD cmake/stm32cubemx/CMakeFiles/STM32_Drivers.dir/__/__/Drivers/STM32G4xx_HAL_Driver/Src/stm32g4xx_hal_rcc.c.obj
LOAD cmake/stm32cubemx/CMakeFiles/STM32_Drivers.dir/__/__/Drivers/STM32G4xx_HAL_Driver/Src/stm32g4xx_hal_rcc_ex.c.obj
LOAD cmake/stm32cubemx/CMakeFiles/STM32_Drivers.dir/__/__/Drivers/STM32G4xx_HAL_Driver/Src/stm32g4xx_hal_flash.c.obj
LOAD cmake/stm32cubemx/CMakeFiles/STM32_Drivers.dir/__/__/Drivers/STM32G4xx_HAL_Driver/Src/stm32g4xx_hal_flash_ex.c.obj
LOAD cmake/stm32cubemx/CMakeFiles/STM32_Drivers.dir/__/__/Drivers/STM32G4xx_HAL_Driver/Src/stm32g4xx_hal_flash_ramfunc.c.obj
LOAD cmake/stm32cubemx/CMakeFiles/STM32_Drivers.dir/__/__/Drivers/STM32G4xx_HAL_Driver/Src/stm32g4xx_hal_gpio.c.obj
LOAD cmake/stm32cubemx/CMakeFiles/STM32_Drivers.dir/__/__/Drivers/STM32G4xx_HAL_Driver/Src/stm32g4xx_hal_exti.c.obj
LOAD cmake/stm32cubemx/CMakeFiles/STM32_Drivers.dir/__/__/Drivers/STM32G4xx_HAL_Driver/Src/stm32g4xx_hal_dma.c.obj
LOAD cmake/stm32cubemx/CMakeFiles/STM32_Drivers.dir/__/__/Drivers/STM32G4xx_HAL_Driver/Src/stm32g4xx_hal_dma_ex.c.obj
LOAD cmake/stm32cubemx/CMakeFiles/STM32_Drivers.dir/__/__/Drivers/STM32G4xx_HAL_Driver/Src/stm32g4xx_hal_pwr.c.obj
LOAD cmake/stm32cubemx/CMakeFiles/STM32_Drivers.dir/__/__/Drivers/STM32G4xx_HAL_Driver/Src/stm32g4xx_hal_pwr_ex.c.obj
LOAD cmake/stm32cubemx/CMakeFiles/STM32_Drivers.dir/__/__/Drivers/STM32G4xx_HAL_Driver/Src/stm32g4xx_hal_cortex.c.obj
LOAD cmake/stm32cubemx/CMakeFiles/STM32_Drivers.dir/__/__/Drivers/STM32G4xx_HAL_Driver/Src/stm32g4xx_hal_fdcan.c.obj
LOAD cmake/stm32cubemx/CMakeFiles/STM32_Drivers.dir/__/__/Drivers/STM32G4xx_HAL_Driver/Src/stm32g4xx_hal_spi.c.obj
LOAD cmake/stm32cubemx/CMakeFiles/STM32_Drivers.dir/__/__/Drivers/STM32G4xx_HAL_Driver/Src/stm32g4xx_hal_spi_ex.c.obj
LOAD cmake/stm32cubemx/CMakeFiles/STM32_Drivers.dir/__/__/Drivers/STM32G4xx_HAL_Driver/Src/stm32g4xx_hal_tim.c.obj
LOAD cmake/stm32cubemx/CMakeFiles/STM32_Drivers.dir/__/__/Drivers/STM32G4xx_HAL_Driver/Src/stm32g4xx_hal_tim_ex.c.obj
LOAD cmake/stm32cubemx/CMakeFiles/STM32_Drivers.dir/__/__/Drivers/STM32G4xx_HAL_Driver/Src/stm32g4xx_hal_uart.c.obj
LOAD cmake/stm32cubemx/CMakeFiles/STM32_Drivers.dir/__/__/Drivers/STM32G4xx_HAL_Driver/Src/stm32g4xx_hal_uart_ex.c.obj
LOAD CMakeFiles/Wheel.dir/Core/Src/main.c.obj
LOAD CMakeFiles/Wheel.dir/Core/Src/gpio.c.obj
LOAD CMakeFiles/Wheel.dir/Core/Src/adc.c.obj
LOAD CMakeFiles/Wheel.dir/Core/Src/dma.c.obj
LOAD CMakeFiles/Wheel.dir/Core/Src/fdcan.c.obj
LOAD CMakeFiles/Wheel.dir/Core/Src/spi.c.obj
LOAD CMakeFiles/Wheel.dir/Core/Src/tim.c.obj
LOAD CMakeFiles/Wheel.dir/Core/Src/usart.c.obj
LOAD CMakeFiles/Wheel.dir/Core/Src/stm32g4xx_it.c.obj
LOAD CMakeFiles/Wheel.dir/Core/Src/stm32g4xx_hal_msp.c.obj
LOAD CMakeFiles/Wheel.dir/Core/Src/sysmem.c.obj
LOAD CMakeFiles/Wheel.dir/Core/Src/syscalls.c.obj
LOAD CMakeFiles/Wheel.dir/startup_stm32g431xx.s.obj
LOAD CMakeFiles/Wheel.dir/User/Controller/Src/foc.cpp.obj
LOAD CMakeFiles/Wheel.dir/User/Devices/Src/current.cpp.obj
LOAD CMakeFiles/Wheel.dir/User/Devices/Src/driver.cpp.obj
LOAD CMakeFiles/Wheel.dir/User/Devices/Src/encoder.cpp.obj
LOAD CMakeFiles/Wheel.dir/User/Devices/Src/temperature.cpp.obj
LOAD CMakeFiles/Wheel.dir/User/Boards/stm32g4/stm32g4Board.cpp.obj
LOAD CMakeFiles/Wheel.dir/User/Application/Src/user.cpp.obj
LOAD CMakeFiles/Wheel.dir/User/Shell/Src/shell.c.obj
LOAD CMakeFiles/Wheel.dir/User/Shell/Src/shell_ext.c.obj
LOAD CMakeFiles/Wheel.dir/User/Shell/Src/shell_companion.c.obj
LOAD CMakeFiles/Wheel.dir/User/Shell/Src/shell_cmd_list.c.obj
LOAD CMakeFiles/Wheel.dir/User/Shell/Src/shell_port.c.obj
LOAD CMakeFiles/Wheel.dir/User/Shell/Src/log.c.obj
LOAD CMakeFiles/Wheel.dir/User/Application/Src/utilities.cpp.obj
LOAD F:/Studio/Project/Rabbot/Actuator/Motor/Wheel/Middlewares/ST/ARM/DSP/Lib/libarm_cortexM4lf_math.a
LOAD D:/STM32CubeCLT_1.18.0/GNU-tools-for-STM32/bin/../lib/gcc/arm-none-eabi/13.3.1/../../../../arm-none-eabi/lib/thumb/v7e-m+fp/hard\libstdc++.a
LOAD D:/STM32CubeCLT_1.18.0/GNU-tools-for-STM32/bin/../lib/gcc/arm-none-eabi/13.3.1/../../../../arm-none-eabi/lib/thumb/v7e-m+fp/hard\libm.a
LOAD D:/STM32CubeCLT_1.18.0/GNU-tools-for-STM32/bin/../lib/gcc/arm-none-eabi/13.3.1/../../../../arm-none-eabi/lib/thumb/v7e-m+fp/hard\libc.a
START GROUP
LOAD D:/STM32CubeCLT_1.18.0/GNU-tools-for-STM32/bin/../lib/gcc/arm-none-eabi/13.3.1/thumb/v7e-m+fp/hard\libgcc.a
LOAD D:/STM32CubeCLT_1.18.0/GNU-tools-for-STM32/bin/../lib/gcc/arm-none-eabi/13.3.1/../../../../arm-none-eabi/lib/thumb/v7e-m+fp/hard\libg.a
LOAD D:/STM32CubeCLT_1.18.0/GNU-tools-for-STM32/bin/../lib/gcc/arm-none-eabi/13.3.1/../../../../arm-none-eabi/lib/thumb/v7e-m+fp/hard\libc.a
END GROUP
LOAD D:/STM32CubeCLT_1.18.0/GNU-tools-for-STM32/bin/../lib/gcc/arm-none-eabi/13.3.1/thumb/v7e-m+fp/hard/crtend.o
LOAD D:/STM32CubeCLT_1.18.0/GNU-tools-for-STM32/bin/../lib/gcc/arm-none-eabi/13.3.1/thumb/v7e-m+fp/hard/crtn.o
                0x20008000                        _estack = (ORIGIN (RAM) + LENGTH (RAM))
                0x00000200                        _Min_Heap_Size = 0x200
                0x00000400                        _Min_Stack_Size = 0x400

.isr_vector     0x08000000      0x1d8
                0x08000000                        . = ALIGN (0x4)
 *(.isr_vector)
 .isr_vector    0x08000000      0x1d8 CMakeFiles/Wheel.dir/startup_stm32g431xx.s.obj
                0x08000000                g_pfnVectors
                0x080001d8                        . = ALIGN (0x4)

.text           0x080001e0    0x124e4
                0x080001e0                        . = ALIGN (0x4)
 *(.text)
 .text          0x080001e0       0x40 D:/STM32CubeCLT_1.18.0/GNU-tools-for-STM32/bin/../lib/gcc/arm-none-eabi/13.3.1/thumb/v7e-m+fp/hard/crtbegin.o
 .text          0x08000220       0x14 D:/STM32CubeCLT_1.18.0/GNU-tools-for-STM32/bin/../lib/gcc/arm-none-eabi/13.3.1/../../../../arm-none-eabi/lib/thumb/v7e-m+fp/hard\libc.a(libc_a-strcmp.o)
                0x08000220                strcmp
 .text          0x08000234       0x10 D:/STM32CubeCLT_1.18.0/GNU-tools-for-STM32/bin/../lib/gcc/arm-none-eabi/13.3.1/../../../../arm-none-eabi/lib/thumb/v7e-m+fp/hard\libc.a(libc_a-strlen.o)
                0x08000234                strlen
 *fill*         0x08000244        0xc 
 .text          0x08000250       0xa0 D:/STM32CubeCLT_1.18.0/GNU-tools-for-STM32/bin/../lib/gcc/arm-none-eabi/13.3.1/../../../../arm-none-eabi/lib/thumb/v7e-m+fp/hard\libc.a(libc_a-memchr.o)
                0x08000250                memchr
 .text          0x080002f0      0x378 D:/STM32CubeCLT_1.18.0/GNU-tools-for-STM32/bin/../lib/gcc/arm-none-eabi/13.3.1/thumb/v7e-m+fp/hard\libgcc.a(_arm_addsubdf3.o)
                0x080002f0                __aeabi_drsub
                0x080002f8                __aeabi_dsub
                0x080002f8                __subdf3
                0x080002fc                __aeabi_dadd
                0x080002fc                __adddf3
                0x08000574                __floatunsidf
                0x08000574                __aeabi_ui2d
                0x08000594                __floatsidf
                0x08000594                __aeabi_i2d
                0x080005b8                __aeabi_f2d
                0x080005b8                __extendsfdf2
                0x080005fc                __floatundidf
                0x080005fc                __aeabi_ul2d
                0x0800060c                __floatdidf
                0x0800060c                __aeabi_l2d
 .text          0x08000668      0x424 D:/STM32CubeCLT_1.18.0/GNU-tools-for-STM32/bin/../lib/gcc/arm-none-eabi/13.3.1/thumb/v7e-m+fp/hard\libgcc.a(_arm_muldivdf3.o)
                0x08000668                __aeabi_dmul
                0x08000668                __muldf3
                0x080008bc                __divdf3
                0x080008bc                __aeabi_ddiv
 .text          0x08000a8c      0x110 D:/STM32CubeCLT_1.18.0/GNU-tools-for-STM32/bin/../lib/gcc/arm-none-eabi/13.3.1/thumb/v7e-m+fp/hard\libgcc.a(_arm_cmpdf2.o)
                0x08000a8c                __gtdf2
                0x08000a8c                __gedf2
                0x08000a94                __ltdf2
                0x08000a94                __ledf2
                0x08000a9c                __nedf2
                0x08000a9c                __eqdf2
                0x08000a9c                __cmpdf2
                0x08000b18                __aeabi_cdrcmple
                0x08000b28                __aeabi_cdcmpeq
                0x08000b28                __aeabi_cdcmple
                0x08000b38                __aeabi_dcmpeq
                0x08000b4c                __aeabi_dcmplt
                0x08000b60                __aeabi_dcmple
                0x08000b74                __aeabi_dcmpge
                0x08000b88                __aeabi_dcmpgt
 .text          0x08000b9c       0x2c D:/STM32CubeCLT_1.18.0/GNU-tools-for-STM32/bin/../lib/gcc/arm-none-eabi/13.3.1/thumb/v7e-m+fp/hard\libgcc.a(_arm_unorddf2.o)
                0x08000b9c                __unorddf2
                0x08000b9c                __aeabi_dcmpun
 .text          0x08000bc8       0x50 D:/STM32CubeCLT_1.18.0/GNU-tools-for-STM32/bin/../lib/gcc/arm-none-eabi/13.3.1/thumb/v7e-m+fp/hard\libgcc.a(_arm_fixdfsi.o)
                0x08000bc8                __aeabi_d2iz
                0x08000bc8                __fixdfsi
 .text          0x08000c18       0x30 D:/STM32CubeCLT_1.18.0/GNU-tools-for-STM32/bin/../lib/gcc/arm-none-eabi/13.3.1/thumb/v7e-m+fp/hard\libgcc.a(_aeabi_uldivmod.o)
                0x08000c18                __aeabi_uldivmod
 .text          0x08000c48      0x2f8 D:/STM32CubeCLT_1.18.0/GNU-tools-for-STM32/bin/../lib/gcc/arm-none-eabi/13.3.1/thumb/v7e-m+fp/hard\libgcc.a(_udivmoddi4.o)
                0x08000c48                __udivmoddi4
 .text          0x08000f40        0x4 D:/STM32CubeCLT_1.18.0/GNU-tools-for-STM32/bin/../lib/gcc/arm-none-eabi/13.3.1/thumb/v7e-m+fp/hard\libgcc.a(_dvmd_tls.o)
                0x08000f40                __aeabi_idiv0
                0x08000f40                __aeabi_ldiv0
 *(.text*)
 .text.SystemInit
                0x08000f44       0x24 cmake/stm32cubemx/CMakeFiles/STM32_Drivers.dir/__/__/Core/Src/system_stm32g4xx.c.obj
                0x08000f44                SystemInit
 .text.LL_ADC_SetCommonClock
                0x08000f68       0x26 cmake/stm32cubemx/CMakeFiles/STM32_Drivers.dir/__/__/Drivers/STM32G4xx_HAL_Driver/Src/stm32g4xx_hal_adc.c.obj
 .text.LL_ADC_GetCommonPathInternalCh
                0x08000f8e       0x1c cmake/stm32cubemx/CMakeFiles/STM32_Drivers.dir/__/__/Drivers/STM32G4xx_HAL_Driver/Src/stm32g4xx_hal_adc.c.obj
 .text.LL_ADC_REG_IsTriggerSourceSWStart
                0x08000faa       0x26 cmake/stm32cubemx/CMakeFiles/STM32_Drivers.dir/__/__/Drivers/STM32G4xx_HAL_Driver/Src/stm32g4xx_hal_adc.c.obj
 .text.LL_ADC_INJ_IsTriggerSourceSWStart
                0x08000fd0       0x26 cmake/stm32cubemx/CMakeFiles/STM32_Drivers.dir/__/__/Drivers/STM32G4xx_HAL_Driver/Src/stm32g4xx_hal_adc.c.obj
 .text.LL_ADC_GetMultimode
                0x08000ff6       0x1c cmake/stm32cubemx/CMakeFiles/STM32_Drivers.dir/__/__/Drivers/STM32G4xx_HAL_Driver/Src/stm32g4xx_hal_adc.c.obj
 .text.LL_ADC_GetMultiDMATransfer
                0x08001012       0x1c cmake/stm32cubemx/CMakeFiles/STM32_Drivers.dir/__/__/Drivers/STM32G4xx_HAL_Driver/Src/stm32g4xx_hal_adc.c.obj
 .text.LL_ADC_DisableDeepPowerDown
                0x0800102e       0x24 cmake/stm32cubemx/CMakeFiles/STM32_Drivers.dir/__/__/Drivers/STM32G4xx_HAL_Driver/Src/stm32g4xx_hal_adc.c.obj
 .text.LL_ADC_IsDeepPowerDownEnabled
                0x08001052       0x28 cmake/stm32cubemx/CMakeFiles/STM32_Drivers.dir/__/__/Drivers/STM32G4xx_HAL_Driver/Src/stm32g4xx_hal_adc.c.obj
 .text.LL_ADC_EnableInternalRegulator
                0x0800107a       0x28 cmake/stm32cubemx/CMakeFiles/STM32_Drivers.dir/__/__/Drivers/STM32G4xx_HAL_Driver/Src/stm32g4xx_hal_adc.c.obj
 .text.LL_ADC_IsInternalRegulatorEnabled
                0x080010a2       0x28 cmake/stm32cubemx/CMakeFiles/STM32_Drivers.dir/__/__/Drivers/STM32G4xx_HAL_Driver/Src/stm32g4xx_hal_adc.c.obj
 .text.LL_ADC_Enable
                0x080010ca       0x28 cmake/stm32cubemx/CMakeFiles/STM32_Drivers.dir/__/__/Drivers/STM32G4xx_HAL_Driver/Src/stm32g4xx_hal_adc.c.obj
 .text.LL_ADC_Disable
                0x080010f2       0x28 cmake/stm32cubemx/CMakeFiles/STM32_Drivers.dir/__/__/Drivers/STM32G4xx_HAL_Driver/Src/stm32g4xx_hal_adc.c.obj
 .text.LL_ADC_IsEnabled
                0x0800111a       0x26 cmake/stm32cubemx/CMakeFiles/STM32_Drivers.dir/__/__/Drivers/STM32G4xx_HAL_Driver/Src/stm32g4xx_hal_adc.c.obj
 .text.LL_ADC_IsDisableOngoing
                0x08001140       0x26 cmake/stm32cubemx/CMakeFiles/STM32_Drivers.dir/__/__/Drivers/STM32G4xx_HAL_Driver/Src/stm32g4xx_hal_adc.c.obj
 .text.LL_ADC_REG_IsConversionOngoing
                0x08001166       0x26 cmake/stm32cubemx/CMakeFiles/STM32_Drivers.dir/__/__/Drivers/STM32G4xx_HAL_Driver/Src/stm32g4xx_hal_adc.c.obj
 .text.LL_ADC_INJ_IsConversionOngoing
                0x0800118c       0x26 cmake/stm32cubemx/CMakeFiles/STM32_Drivers.dir/__/__/Drivers/STM32G4xx_HAL_Driver/Src/stm32g4xx_hal_adc.c.obj
 *fill*         0x080011b2        0x2 
 .text.HAL_ADC_Init
                0x080011b4      0x308 cmake/stm32cubemx/CMakeFiles/STM32_Drivers.dir/__/__/Drivers/STM32G4xx_HAL_Driver/Src/stm32g4xx_hal_adc.c.obj
                0x080011b4                HAL_ADC_Init
 .text.HAL_ADC_IRQHandler
                0x080014bc      0x434 cmake/stm32cubemx/CMakeFiles/STM32_Drivers.dir/__/__/Drivers/STM32G4xx_HAL_Driver/Src/stm32g4xx_hal_adc.c.obj
                0x080014bc                HAL_ADC_IRQHandler
 .text.HAL_ADC_ConvCpltCallback
                0x080018f0       0x14 cmake/stm32cubemx/CMakeFiles/STM32_Drivers.dir/__/__/Drivers/STM32G4xx_HAL_Driver/Src/stm32g4xx_hal_adc.c.obj
                0x080018f0                HAL_ADC_ConvCpltCallback
 .text.HAL_ADC_LevelOutOfWindowCallback
                0x08001904       0x14 cmake/stm32cubemx/CMakeFiles/STM32_Drivers.dir/__/__/Drivers/STM32G4xx_HAL_Driver/Src/stm32g4xx_hal_adc.c.obj
                0x08001904                HAL_ADC_LevelOutOfWindowCallback
 .text.HAL_ADC_ErrorCallback
                0x08001918       0x14 cmake/stm32cubemx/CMakeFiles/STM32_Drivers.dir/__/__/Drivers/STM32G4xx_HAL_Driver/Src/stm32g4xx_hal_adc.c.obj
                0x08001918                HAL_ADC_ErrorCallback
 .text.ADC_Enable
                0x0800192c      0x10c cmake/stm32cubemx/CMakeFiles/STM32_Drivers.dir/__/__/Drivers/STM32G4xx_HAL_Driver/Src/stm32g4xx_hal_adc.c.obj
                0x0800192c                ADC_Enable
 .text.ADC_Disable
                0x08001a38       0xbe cmake/stm32cubemx/CMakeFiles/STM32_Drivers.dir/__/__/Drivers/STM32G4xx_HAL_Driver/Src/stm32g4xx_hal_adc.c.obj
                0x08001a38                ADC_Disable
 .text.LL_ADC_SetCommonPathInternalCh
                0x08001af6       0x26 cmake/stm32cubemx/CMakeFiles/STM32_Drivers.dir/__/__/Drivers/STM32G4xx_HAL_Driver/Src/stm32g4xx_hal_adc_ex.c.obj
 .text.LL_ADC_GetCommonPathInternalCh
                0x08001b1c       0x1c cmake/stm32cubemx/CMakeFiles/STM32_Drivers.dir/__/__/Drivers/STM32G4xx_HAL_Driver/Src/stm32g4xx_hal_adc_ex.c.obj
 .text.LL_ADC_SetOffset
                0x08001b38       0x48 cmake/stm32cubemx/CMakeFiles/STM32_Drivers.dir/__/__/Drivers/STM32G4xx_HAL_Driver/Src/stm32g4xx_hal_adc_ex.c.obj
 .text.LL_ADC_GetOffsetChannel
                0x08001b80       0x2c cmake/stm32cubemx/CMakeFiles/STM32_Drivers.dir/__/__/Drivers/STM32G4xx_HAL_Driver/Src/stm32g4xx_hal_adc_ex.c.obj
 .text.LL_ADC_SetOffsetState
                0x08001bac       0x36 cmake/stm32cubemx/CMakeFiles/STM32_Drivers.dir/__/__/Drivers/STM32G4xx_HAL_Driver/Src/stm32g4xx_hal_adc_ex.c.obj
 .text.LL_ADC_SetOffsetSign
                0x08001be2       0x36 cmake/stm32cubemx/CMakeFiles/STM32_Drivers.dir/__/__/Drivers/STM32G4xx_HAL_Driver/Src/stm32g4xx_hal_adc_ex.c.obj
 .text.LL_ADC_SetOffsetSaturation
                0x08001c18       0x36 cmake/stm32cubemx/CMakeFiles/STM32_Drivers.dir/__/__/Drivers/STM32G4xx_HAL_Driver/Src/stm32g4xx_hal_adc_ex.c.obj
 .text.LL_ADC_SetSamplingTimeCommonConfig
                0x08001c4e       0x26 cmake/stm32cubemx/CMakeFiles/STM32_Drivers.dir/__/__/Drivers/STM32G4xx_HAL_Driver/Src/stm32g4xx_hal_adc_ex.c.obj
 .text.LL_ADC_INJ_GetTrigAuto
                0x08001c74       0x1c cmake/stm32cubemx/CMakeFiles/STM32_Drivers.dir/__/__/Drivers/STM32G4xx_HAL_Driver/Src/stm32g4xx_hal_adc_ex.c.obj
 .text.LL_ADC_SetChannelSamplingTime
                0x08001c90       0x56 cmake/stm32cubemx/CMakeFiles/STM32_Drivers.dir/__/__/Drivers/STM32G4xx_HAL_Driver/Src/stm32g4xx_hal_adc_ex.c.obj
 *fill*         0x08001ce6        0x2 
 .text.LL_ADC_SetChannelSingleDiff
                0x08001ce8       0x48 cmake/stm32cubemx/CMakeFiles/STM32_Drivers.dir/__/__/Drivers/STM32G4xx_HAL_Driver/Src/stm32g4xx_hal_adc_ex.c.obj
 .text.LL_ADC_GetMultimode
                0x08001d30       0x1c cmake/stm32cubemx/CMakeFiles/STM32_Drivers.dir/__/__/Drivers/STM32G4xx_HAL_Driver/Src/stm32g4xx_hal_adc_ex.c.obj
 .text.LL_ADC_IsEnabled
                0x08001d4c       0x26 cmake/stm32cubemx/CMakeFiles/STM32_Drivers.dir/__/__/Drivers/STM32G4xx_HAL_Driver/Src/stm32g4xx_hal_adc_ex.c.obj
 .text.LL_ADC_StartCalibration
                0x08001d72       0x32 cmake/stm32cubemx/CMakeFiles/STM32_Drivers.dir/__/__/Drivers/STM32G4xx_HAL_Driver/Src/stm32g4xx_hal_adc_ex.c.obj
 .text.LL_ADC_IsCalibrationOnGoing
                0x08001da4       0x28 cmake/stm32cubemx/CMakeFiles/STM32_Drivers.dir/__/__/Drivers/STM32G4xx_HAL_Driver/Src/stm32g4xx_hal_adc_ex.c.obj
 .text.LL_ADC_REG_IsConversionOngoing
                0x08001dcc       0x26 cmake/stm32cubemx/CMakeFiles/STM32_Drivers.dir/__/__/Drivers/STM32G4xx_HAL_Driver/Src/stm32g4xx_hal_adc_ex.c.obj
 .text.LL_ADC_INJ_StartConversion
                0x08001df2       0x28 cmake/stm32cubemx/CMakeFiles/STM32_Drivers.dir/__/__/Drivers/STM32G4xx_HAL_Driver/Src/stm32g4xx_hal_adc_ex.c.obj
 .text.LL_ADC_INJ_IsConversionOngoing
                0x08001e1a       0x26 cmake/stm32cubemx/CMakeFiles/STM32_Drivers.dir/__/__/Drivers/STM32G4xx_HAL_Driver/Src/stm32g4xx_hal_adc_ex.c.obj
 .text.HAL_ADCEx_Calibration_Start
                0x08001e40       0xc4 cmake/stm32cubemx/CMakeFiles/STM32_Drivers.dir/__/__/Drivers/STM32G4xx_HAL_Driver/Src/stm32g4xx_hal_adc_ex.c.obj
                0x08001e40                HAL_ADCEx_Calibration_Start
 .text.HAL_ADCEx_InjectedStart
                0x08001f04      0x160 cmake/stm32cubemx/CMakeFiles/STM32_Drivers.dir/__/__/Drivers/STM32G4xx_HAL_Driver/Src/stm32g4xx_hal_adc_ex.c.obj
                0x08001f04                HAL_ADCEx_InjectedStart
 .text.HAL_ADCEx_InjectedConvCpltCallback
                0x08002064       0x14 cmake/stm32cubemx/CMakeFiles/STM32_Drivers.dir/__/__/Drivers/STM32G4xx_HAL_Driver/Src/stm32g4xx_hal_adc_ex.c.obj
                0x08002064                HAL_ADCEx_InjectedConvCpltCallback
 .text.HAL_ADCEx_InjectedQueueOverflowCallback
                0x08002078       0x14 cmake/stm32cubemx/CMakeFiles/STM32_Drivers.dir/__/__/Drivers/STM32G4xx_HAL_Driver/Src/stm32g4xx_hal_adc_ex.c.obj
                0x08002078                HAL_ADCEx_InjectedQueueOverflowCallback
 .text.HAL_ADCEx_LevelOutOfWindow2Callback
                0x0800208c       0x14 cmake/stm32cubemx/CMakeFiles/STM32_Drivers.dir/__/__/Drivers/STM32G4xx_HAL_Driver/Src/stm32g4xx_hal_adc_ex.c.obj
                0x0800208c                HAL_ADCEx_LevelOutOfWindow2Callback
 .text.HAL_ADCEx_LevelOutOfWindow3Callback
                0x080020a0       0x14 cmake/stm32cubemx/CMakeFiles/STM32_Drivers.dir/__/__/Drivers/STM32G4xx_HAL_Driver/Src/stm32g4xx_hal_adc_ex.c.obj
                0x080020a0                HAL_ADCEx_LevelOutOfWindow3Callback
 .text.HAL_ADCEx_EndOfSamplingCallback
                0x080020b4       0x14 cmake/stm32cubemx/CMakeFiles/STM32_Drivers.dir/__/__/Drivers/STM32G4xx_HAL_Driver/Src/stm32g4xx_hal_adc_ex.c.obj
                0x080020b4                HAL_ADCEx_EndOfSamplingCallback
 .text.HAL_ADCEx_InjectedConfigChannel
                0x080020c8      0x9c0 cmake/stm32cubemx/CMakeFiles/STM32_Drivers.dir/__/__/Drivers/STM32G4xx_HAL_Driver/Src/stm32g4xx_hal_adc_ex.c.obj
                0x080020c8                HAL_ADCEx_InjectedConfigChannel
 .text.HAL_ADCEx_MultiModeConfigChannel
                0x08002a88      0x148 cmake/stm32cubemx/CMakeFiles/STM32_Drivers.dir/__/__/Drivers/STM32G4xx_HAL_Driver/Src/stm32g4xx_hal_adc_ex.c.obj
                0x08002a88                HAL_ADCEx_MultiModeConfigChannel
 .text.HAL_Init
                0x08002bd0       0x30 cmake/stm32cubemx/CMakeFiles/STM32_Drivers.dir/__/__/Drivers/STM32G4xx_HAL_Driver/Src/stm32g4xx_hal.c.obj
                0x08002bd0                HAL_Init
 .text.HAL_InitTick
                0x08002c00       0x74 cmake/stm32cubemx/CMakeFiles/STM32_Drivers.dir/__/__/Drivers/STM32G4xx_HAL_Driver/Src/stm32g4xx_hal.c.obj
                0x08002c00                HAL_InitTick
 .text.HAL_IncTick
                0x08002c74       0x24 cmake/stm32cubemx/CMakeFiles/STM32_Drivers.dir/__/__/Drivers/STM32G4xx_HAL_Driver/Src/stm32g4xx_hal.c.obj
                0x08002c74                HAL_IncTick
 .text.HAL_GetTick
                0x08002c98       0x18 cmake/stm32cubemx/CMakeFiles/STM32_Drivers.dir/__/__/Drivers/STM32G4xx_HAL_Driver/Src/stm32g4xx_hal.c.obj
                0x08002c98                HAL_GetTick
 .text.HAL_Delay
                0x08002cb0       0x44 cmake/stm32cubemx/CMakeFiles/STM32_Drivers.dir/__/__/Drivers/STM32G4xx_HAL_Driver/Src/stm32g4xx_hal.c.obj
                0x08002cb0                HAL_Delay
 .text.HAL_RCC_OscConfig
                0x08002cf4      0x624 cmake/stm32cubemx/CMakeFiles/STM32_Drivers.dir/__/__/Drivers/STM32G4xx_HAL_Driver/Src/stm32g4xx_hal_rcc.c.obj
                0x08002cf4                HAL_RCC_OscConfig
 .text.HAL_RCC_ClockConfig
                0x08003318      0x278 cmake/stm32cubemx/CMakeFiles/STM32_Drivers.dir/__/__/Drivers/STM32G4xx_HAL_Driver/Src/stm32g4xx_hal_rcc.c.obj
                0x08003318                HAL_RCC_ClockConfig
 .text.HAL_RCC_GetSysClockFreq
                0x08003590       0xc0 cmake/stm32cubemx/CMakeFiles/STM32_Drivers.dir/__/__/Drivers/STM32G4xx_HAL_Driver/Src/stm32g4xx_hal_rcc.c.obj
                0x08003590                HAL_RCC_GetSysClockFreq
 .text.HAL_RCC_GetHCLKFreq
                0x08003650       0x18 cmake/stm32cubemx/CMakeFiles/STM32_Drivers.dir/__/__/Drivers/STM32G4xx_HAL_Driver/Src/stm32g4xx_hal_rcc.c.obj
                0x08003650                HAL_RCC_GetHCLKFreq
 .text.HAL_RCC_GetPCLK1Freq
                0x08003668       0x2c cmake/stm32cubemx/CMakeFiles/STM32_Drivers.dir/__/__/Drivers/STM32G4xx_HAL_Driver/Src/stm32g4xx_hal_rcc.c.obj
                0x08003668                HAL_RCC_GetPCLK1Freq
 .text.HAL_RCC_GetPCLK2Freq
                0x08003694       0x2c cmake/stm32cubemx/CMakeFiles/STM32_Drivers.dir/__/__/Drivers/STM32G4xx_HAL_Driver/Src/stm32g4xx_hal_rcc.c.obj
                0x08003694                HAL_RCC_GetPCLK2Freq
 .text.RCC_GetSysClockFreqFromPLLSource
                0x080036c0       0x88 cmake/stm32cubemx/CMakeFiles/STM32_Drivers.dir/__/__/Drivers/STM32G4xx_HAL_Driver/Src/stm32g4xx_hal_rcc.c.obj
 .text.HAL_RCCEx_PeriphCLKConfig
                0x08003748      0x3e0 cmake/stm32cubemx/CMakeFiles/STM32_Drivers.dir/__/__/Drivers/STM32G4xx_HAL_Driver/Src/stm32g4xx_hal_rcc_ex.c.obj
                0x08003748                HAL_RCCEx_PeriphCLKConfig
 .text.HAL_GPIO_Init
                0x08003b28      0x304 cmake/stm32cubemx/CMakeFiles/STM32_Drivers.dir/__/__/Drivers/STM32G4xx_HAL_Driver/Src/stm32g4xx_hal_gpio.c.obj
                0x08003b28                HAL_GPIO_Init
 .text.HAL_GPIO_WritePin
                0x08003e2c       0x30 cmake/stm32cubemx/CMakeFiles/STM32_Drivers.dir/__/__/Drivers/STM32G4xx_HAL_Driver/Src/stm32g4xx_hal_gpio.c.obj
                0x08003e2c                HAL_GPIO_WritePin
 .text.HAL_DMA_Init
                0x08003e5c      0x150 cmake/stm32cubemx/CMakeFiles/STM32_Drivers.dir/__/__/Drivers/STM32G4xx_HAL_Driver/Src/stm32g4xx_hal_dma.c.obj
                0x08003e5c                HAL_DMA_Init
 .text.HAL_DMA_Abort
                0x08003fac       0xb2 cmake/stm32cubemx/CMakeFiles/STM32_Drivers.dir/__/__/Drivers/STM32G4xx_HAL_Driver/Src/stm32g4xx_hal_dma.c.obj
                0x08003fac                HAL_DMA_Abort
 .text.HAL_DMA_Abort_IT
                0x0800405e       0xce cmake/stm32cubemx/CMakeFiles/STM32_Drivers.dir/__/__/Drivers/STM32G4xx_HAL_Driver/Src/stm32g4xx_hal_dma.c.obj
                0x0800405e                HAL_DMA_Abort_IT
 .text.HAL_DMA_IRQHandler
                0x0800412c      0x15e cmake/stm32cubemx/CMakeFiles/STM32_Drivers.dir/__/__/Drivers/STM32G4xx_HAL_Driver/Src/stm32g4xx_hal_dma.c.obj
                0x0800412c                HAL_DMA_IRQHandler
 *fill*         0x0800428a        0x2 
 .text.DMA_CalcDMAMUXChannelBaseAndMask
                0x0800428c       0x7c cmake/stm32cubemx/CMakeFiles/STM32_Drivers.dir/__/__/Drivers/STM32G4xx_HAL_Driver/Src/stm32g4xx_hal_dma.c.obj
 .text.DMA_CalcDMAMUXRequestGenBaseAndMask
                0x08004308       0x48 cmake/stm32cubemx/CMakeFiles/STM32_Drivers.dir/__/__/Drivers/STM32G4xx_HAL_Driver/Src/stm32g4xx_hal_dma.c.obj
 .text.HAL_PWREx_ControlVoltageScaling
                0x08004350      0x148 cmake/stm32cubemx/CMakeFiles/STM32_Drivers.dir/__/__/Drivers/STM32G4xx_HAL_Driver/Src/stm32g4xx_hal_pwr_ex.c.obj
                0x08004350                HAL_PWREx_ControlVoltageScaling
 .text.HAL_PWREx_DisableUCPDDeadBattery
                0x08004498       0x20 cmake/stm32cubemx/CMakeFiles/STM32_Drivers.dir/__/__/Drivers/STM32G4xx_HAL_Driver/Src/stm32g4xx_hal_pwr_ex.c.obj
                0x08004498                HAL_PWREx_DisableUCPDDeadBattery
 .text.__NVIC_SetPriorityGrouping
                0x080044b8       0x48 cmake/stm32cubemx/CMakeFiles/STM32_Drivers.dir/__/__/Drivers/STM32G4xx_HAL_Driver/Src/stm32g4xx_hal_cortex.c.obj
 .text.__NVIC_GetPriorityGrouping
                0x08004500       0x1c cmake/stm32cubemx/CMakeFiles/STM32_Drivers.dir/__/__/Drivers/STM32G4xx_HAL_Driver/Src/stm32g4xx_hal_cortex.c.obj
 .text.__NVIC_EnableIRQ
                0x0800451c       0x3c cmake/stm32cubemx/CMakeFiles/STM32_Drivers.dir/__/__/Drivers/STM32G4xx_HAL_Driver/Src/stm32g4xx_hal_cortex.c.obj
 .text.__NVIC_SetPriority
                0x08004558       0x54 cmake/stm32cubemx/CMakeFiles/STM32_Drivers.dir/__/__/Drivers/STM32G4xx_HAL_Driver/Src/stm32g4xx_hal_cortex.c.obj
 .text.NVIC_EncodePriority
                0x080045ac       0x66 cmake/stm32cubemx/CMakeFiles/STM32_Drivers.dir/__/__/Drivers/STM32G4xx_HAL_Driver/Src/stm32g4xx_hal_cortex.c.obj
 *fill*         0x08004612        0x2 
 .text.SysTick_Config
                0x08004614       0x44 cmake/stm32cubemx/CMakeFiles/STM32_Drivers.dir/__/__/Drivers/STM32G4xx_HAL_Driver/Src/stm32g4xx_hal_cortex.c.obj
 .text.HAL_NVIC_SetPriorityGrouping
                0x08004658       0x16 cmake/stm32cubemx/CMakeFiles/STM32_Drivers.dir/__/__/Drivers/STM32G4xx_HAL_Driver/Src/stm32g4xx_hal_cortex.c.obj
                0x08004658                HAL_NVIC_SetPriorityGrouping
 .text.HAL_NVIC_SetPriority
                0x0800466e       0x34 cmake/stm32cubemx/CMakeFiles/STM32_Drivers.dir/__/__/Drivers/STM32G4xx_HAL_Driver/Src/stm32g4xx_hal_cortex.c.obj
                0x0800466e                HAL_NVIC_SetPriority
 .text.HAL_NVIC_EnableIRQ
                0x080046a2       0x1c cmake/stm32cubemx/CMakeFiles/STM32_Drivers.dir/__/__/Drivers/STM32G4xx_HAL_Driver/Src/stm32g4xx_hal_cortex.c.obj
                0x080046a2                HAL_NVIC_EnableIRQ
 .text.HAL_SYSTICK_Config
                0x080046be       0x18 cmake/stm32cubemx/CMakeFiles/STM32_Drivers.dir/__/__/Drivers/STM32G4xx_HAL_Driver/Src/stm32g4xx_hal_cortex.c.obj
                0x080046be                HAL_SYSTICK_Config
 *fill*         0x080046d6        0x2 
 .text.HAL_FDCAN_Init
                0x080046d8      0x2b4 cmake/stm32cubemx/CMakeFiles/STM32_Drivers.dir/__/__/Drivers/STM32G4xx_HAL_Driver/Src/stm32g4xx_hal_fdcan.c.obj
                0x080046d8                HAL_FDCAN_Init
 .text.FDCAN_CalcultateRamBlockAddresses
                0x0800498c       0xac cmake/stm32cubemx/CMakeFiles/STM32_Drivers.dir/__/__/Drivers/STM32G4xx_HAL_Driver/Src/stm32g4xx_hal_fdcan.c.obj
 .text.HAL_SPI_Init
                0x08004a38      0x156 cmake/stm32cubemx/CMakeFiles/STM32_Drivers.dir/__/__/Drivers/STM32G4xx_HAL_Driver/Src/stm32g4xx_hal_spi.c.obj
                0x08004a38                HAL_SPI_Init
 .text.HAL_SPI_Transmit
                0x08004b8e      0x2ec cmake/stm32cubemx/CMakeFiles/STM32_Drivers.dir/__/__/Drivers/STM32G4xx_HAL_Driver/Src/stm32g4xx_hal_spi.c.obj
                0x08004b8e                HAL_SPI_Transmit
 .text.HAL_SPI_Receive
                0x08004e7a      0x270 cmake/stm32cubemx/CMakeFiles/STM32_Drivers.dir/__/__/Drivers/STM32G4xx_HAL_Driver/Src/stm32g4xx_hal_spi.c.obj
                0x08004e7a                HAL_SPI_Receive
 .text.HAL_SPI_TransmitReceive
                0x080050ea      0x43e cmake/stm32cubemx/CMakeFiles/STM32_Drivers.dir/__/__/Drivers/STM32G4xx_HAL_Driver/Src/stm32g4xx_hal_spi.c.obj
                0x080050ea                HAL_SPI_TransmitReceive
 .text.SPI_WaitFlagStateUntilTimeout
                0x08005528      0x110 cmake/stm32cubemx/CMakeFiles/STM32_Drivers.dir/__/__/Drivers/STM32G4xx_HAL_Driver/Src/stm32g4xx_hal_spi.c.obj
 .text.SPI_WaitFifoStateUntilTimeout
                0x08005638      0x12c cmake/stm32cubemx/CMakeFiles/STM32_Drivers.dir/__/__/Drivers/STM32G4xx_HAL_Driver/Src/stm32g4xx_hal_spi.c.obj
 .text.SPI_EndRxTransaction
                0x08005764       0xb0 cmake/stm32cubemx/CMakeFiles/STM32_Drivers.dir/__/__/Drivers/STM32G4xx_HAL_Driver/Src/stm32g4xx_hal_spi.c.obj
 .text.SPI_EndRxTxTransaction
                0x08005814       0x8c cmake/stm32cubemx/CMakeFiles/STM32_Drivers.dir/__/__/Drivers/STM32G4xx_HAL_Driver/Src/stm32g4xx_hal_spi.c.obj
 .text.HAL_TIM_Base_Init
                0x080058a0       0xae cmake/stm32cubemx/CMakeFiles/STM32_Drivers.dir/__/__/Drivers/STM32G4xx_HAL_Driver/Src/stm32g4xx_hal_tim.c.obj
                0x080058a0                HAL_TIM_Base_Init
 *fill*         0x0800594e        0x2 
 .text.HAL_TIM_Base_Start_IT
                0x08005950       0xd4 cmake/stm32cubemx/CMakeFiles/STM32_Drivers.dir/__/__/Drivers/STM32G4xx_HAL_Driver/Src/stm32g4xx_hal_tim.c.obj
                0x08005950                HAL_TIM_Base_Start_IT
 .text.HAL_TIM_PWM_Init
                0x08005a24       0xae cmake/stm32cubemx/CMakeFiles/STM32_Drivers.dir/__/__/Drivers/STM32G4xx_HAL_Driver/Src/stm32g4xx_hal_tim.c.obj
                0x08005a24                HAL_TIM_PWM_Init
 *fill*         0x08005ad2        0x2 
 .text.HAL_TIM_PWM_Start
                0x08005ad4      0x200 cmake/stm32cubemx/CMakeFiles/STM32_Drivers.dir/__/__/Drivers/STM32G4xx_HAL_Driver/Src/stm32g4xx_hal_tim.c.obj
                0x08005ad4                HAL_TIM_PWM_Start
 .text.HAL_TIM_IRQHandler
                0x08005cd4      0x29e cmake/stm32cubemx/CMakeFiles/STM32_Drivers.dir/__/__/Drivers/STM32G4xx_HAL_Driver/Src/stm32g4xx_hal_tim.c.obj
                0x08005cd4                HAL_TIM_IRQHandler
 *fill*         0x08005f72        0x2 
 .text.HAL_TIM_PWM_ConfigChannel
                0x08005f74      0x228 cmake/stm32cubemx/CMakeFiles/STM32_Drivers.dir/__/__/Drivers/STM32G4xx_HAL_Driver/Src/stm32g4xx_hal_tim.c.obj
                0x08005f74                HAL_TIM_PWM_ConfigChannel
 .text.HAL_TIM_ConfigClockSource
                0x0800619c      0x1f4 cmake/stm32cubemx/CMakeFiles/STM32_Drivers.dir/__/__/Drivers/STM32G4xx_HAL_Driver/Src/stm32g4xx_hal_tim.c.obj
                0x0800619c                HAL_TIM_ConfigClockSource
 .text.HAL_TIM_OC_DelayElapsedCallback
                0x08006390       0x14 cmake/stm32cubemx/CMakeFiles/STM32_Drivers.dir/__/__/Drivers/STM32G4xx_HAL_Driver/Src/stm32g4xx_hal_tim.c.obj
                0x08006390                HAL_TIM_OC_DelayElapsedCallback
 .text.HAL_TIM_IC_CaptureCallback
                0x080063a4       0x14 cmake/stm32cubemx/CMakeFiles/STM32_Drivers.dir/__/__/Drivers/STM32G4xx_HAL_Driver/Src/stm32g4xx_hal_tim.c.obj
                0x080063a4                HAL_TIM_IC_CaptureCallback
 .text.HAL_TIM_PWM_PulseFinishedCallback
                0x080063b8       0x14 cmake/stm32cubemx/CMakeFiles/STM32_Drivers.dir/__/__/Drivers/STM32G4xx_HAL_Driver/Src/stm32g4xx_hal_tim.c.obj
                0x080063b8                HAL_TIM_PWM_PulseFinishedCallback
 .text.HAL_TIM_TriggerCallback
                0x080063cc       0x14 cmake/stm32cubemx/CMakeFiles/STM32_Drivers.dir/__/__/Drivers/STM32G4xx_HAL_Driver/Src/stm32g4xx_hal_tim.c.obj
                0x080063cc                HAL_TIM_TriggerCallback
 .text.TIM_Base_SetConfig
                0x080063e0      0x138 cmake/stm32cubemx/CMakeFiles/STM32_Drivers.dir/__/__/Drivers/STM32G4xx_HAL_Driver/Src/stm32g4xx_hal_tim.c.obj
                0x080063e0                TIM_Base_SetConfig
 .text.TIM_OC1_SetConfig
                0x08006518      0x120 cmake/stm32cubemx/CMakeFiles/STM32_Drivers.dir/__/__/Drivers/STM32G4xx_HAL_Driver/Src/stm32g4xx_hal_tim.c.obj
 .text.TIM_OC2_SetConfig
                0x08006638      0x114 cmake/stm32cubemx/CMakeFiles/STM32_Drivers.dir/__/__/Drivers/STM32G4xx_HAL_Driver/Src/stm32g4xx_hal_tim.c.obj
                0x08006638                TIM_OC2_SetConfig
 .text.TIM_OC3_SetConfig
                0x0800674c      0x110 cmake/stm32cubemx/CMakeFiles/STM32_Drivers.dir/__/__/Drivers/STM32G4xx_HAL_Driver/Src/stm32g4xx_hal_tim.c.obj
 .text.TIM_OC4_SetConfig
                0x0800685c      0x114 cmake/stm32cubemx/CMakeFiles/STM32_Drivers.dir/__/__/Drivers/STM32G4xx_HAL_Driver/Src/stm32g4xx_hal_tim.c.obj
 .text.TIM_OC5_SetConfig
                0x08006970       0xc8 cmake/stm32cubemx/CMakeFiles/STM32_Drivers.dir/__/__/Drivers/STM32G4xx_HAL_Driver/Src/stm32g4xx_hal_tim.c.obj
 .text.TIM_OC6_SetConfig
                0x08006a38       0xcc cmake/stm32cubemx/CMakeFiles/STM32_Drivers.dir/__/__/Drivers/STM32G4xx_HAL_Driver/Src/stm32g4xx_hal_tim.c.obj
 .text.TIM_TI1_ConfigInputStage
                0x08006b04       0x5e cmake/stm32cubemx/CMakeFiles/STM32_Drivers.dir/__/__/Drivers/STM32G4xx_HAL_Driver/Src/stm32g4xx_hal_tim.c.obj
 .text.TIM_TI2_ConfigInputStage
                0x08006b62       0x60 cmake/stm32cubemx/CMakeFiles/STM32_Drivers.dir/__/__/Drivers/STM32G4xx_HAL_Driver/Src/stm32g4xx_hal_tim.c.obj
 .text.TIM_ITRx_SetConfig
                0x08006bc2       0x3a cmake/stm32cubemx/CMakeFiles/STM32_Drivers.dir/__/__/Drivers/STM32G4xx_HAL_Driver/Src/stm32g4xx_hal_tim.c.obj
 .text.TIM_ETR_SetConfig
                0x08006bfc       0x40 cmake/stm32cubemx/CMakeFiles/STM32_Drivers.dir/__/__/Drivers/STM32G4xx_HAL_Driver/Src/stm32g4xx_hal_tim.c.obj
                0x08006bfc                TIM_ETR_SetConfig
 .text.TIM_CCxChannelCmd
                0x08006c3c       0x4a cmake/stm32cubemx/CMakeFiles/STM32_Drivers.dir/__/__/Drivers/STM32G4xx_HAL_Driver/Src/stm32g4xx_hal_tim.c.obj
                0x08006c3c                TIM_CCxChannelCmd
 *fill*         0x08006c86        0x2 
 .text.HAL_TIMEx_PWMN_Start
                0x08006c88      0x168 cmake/stm32cubemx/CMakeFiles/STM32_Drivers.dir/__/__/Drivers/STM32G4xx_HAL_Driver/Src/stm32g4xx_hal_tim_ex.c.obj
                0x08006c88                HAL_TIMEx_PWMN_Start
 .text.HAL_TIMEx_MasterConfigSynchronization
                0x08006df0      0x104 cmake/stm32cubemx/CMakeFiles/STM32_Drivers.dir/__/__/Drivers/STM32G4xx_HAL_Driver/Src/stm32g4xx_hal_tim_ex.c.obj
                0x08006df0                HAL_TIMEx_MasterConfigSynchronization
 .text.HAL_TIMEx_ConfigBreakDeadTime
                0x08006ef4      0x118 cmake/stm32cubemx/CMakeFiles/STM32_Drivers.dir/__/__/Drivers/STM32G4xx_HAL_Driver/Src/stm32g4xx_hal_tim_ex.c.obj
                0x08006ef4                HAL_TIMEx_ConfigBreakDeadTime
 .text.HAL_TIMEx_CommutCallback
                0x0800700c       0x14 cmake/stm32cubemx/CMakeFiles/STM32_Drivers.dir/__/__/Drivers/STM32G4xx_HAL_Driver/Src/stm32g4xx_hal_tim_ex.c.obj
                0x0800700c                HAL_TIMEx_CommutCallback
 .text.HAL_TIMEx_BreakCallback
                0x08007020       0x14 cmake/stm32cubemx/CMakeFiles/STM32_Drivers.dir/__/__/Drivers/STM32G4xx_HAL_Driver/Src/stm32g4xx_hal_tim_ex.c.obj
                0x08007020                HAL_TIMEx_BreakCallback
 .text.HAL_TIMEx_Break2Callback
                0x08007034       0x14 cmake/stm32cubemx/CMakeFiles/STM32_Drivers.dir/__/__/Drivers/STM32G4xx_HAL_Driver/Src/stm32g4xx_hal_tim_ex.c.obj
                0x08007034                HAL_TIMEx_Break2Callback
 .text.HAL_TIMEx_EncoderIndexCallback
                0x08007048       0x14 cmake/stm32cubemx/CMakeFiles/STM32_Drivers.dir/__/__/Drivers/STM32G4xx_HAL_Driver/Src/stm32g4xx_hal_tim_ex.c.obj
                0x08007048                HAL_TIMEx_EncoderIndexCallback
 .text.HAL_TIMEx_DirectionChangeCallback
                0x0800705c       0x14 cmake/stm32cubemx/CMakeFiles/STM32_Drivers.dir/__/__/Drivers/STM32G4xx_HAL_Driver/Src/stm32g4xx_hal_tim_ex.c.obj
                0x0800705c                HAL_TIMEx_DirectionChangeCallback
 .text.HAL_TIMEx_IndexErrorCallback
                0x08007070       0x14 cmake/stm32cubemx/CMakeFiles/STM32_Drivers.dir/__/__/Drivers/STM32G4xx_HAL_Driver/Src/stm32g4xx_hal_tim_ex.c.obj
                0x08007070                HAL_TIMEx_IndexErrorCallback
 .text.HAL_TIMEx_TransitionErrorCallback
                0x08007084       0x14 cmake/stm32cubemx/CMakeFiles/STM32_Drivers.dir/__/__/Drivers/STM32G4xx_HAL_Driver/Src/stm32g4xx_hal_tim_ex.c.obj
                0x08007084                HAL_TIMEx_TransitionErrorCallback
 .text.TIM_CCxNChannelCmd
                0x08007098       0x4a cmake/stm32cubemx/CMakeFiles/STM32_Drivers.dir/__/__/Drivers/STM32G4xx_HAL_Driver/Src/stm32g4xx_hal_tim_ex.c.obj
 .text.HAL_UART_Init
                0x080070e2       0xa0 cmake/stm32cubemx/CMakeFiles/STM32_Drivers.dir/__/__/Drivers/STM32G4xx_HAL_Driver/Src/stm32g4xx_hal_uart.c.obj
                0x080070e2                HAL_UART_Init
 .text.HAL_UART_Transmit
                0x08007182      0x11c cmake/stm32cubemx/CMakeFiles/STM32_Drivers.dir/__/__/Drivers/STM32G4xx_HAL_Driver/Src/stm32g4xx_hal_uart.c.obj
                0x08007182                HAL_UART_Transmit
 *fill*         0x0800729e        0x2 
 .text.HAL_UART_Receive_IT
                0x080072a0       0x98 cmake/stm32cubemx/CMakeFiles/STM32_Drivers.dir/__/__/Drivers/STM32G4xx_HAL_Driver/Src/stm32g4xx_hal_uart.c.obj
                0x080072a0                HAL_UART_Receive_IT
 .text.HAL_UART_IRQHandler
                0x08007338      0x684 cmake/stm32cubemx/CMakeFiles/STM32_Drivers.dir/__/__/Drivers/STM32G4xx_HAL_Driver/Src/stm32g4xx_hal_uart.c.obj
                0x08007338                HAL_UART_IRQHandler
 .text.HAL_UART_TxCpltCallback
                0x080079bc       0x14 cmake/stm32cubemx/CMakeFiles/STM32_Drivers.dir/__/__/Drivers/STM32G4xx_HAL_Driver/Src/stm32g4xx_hal_uart.c.obj
                0x080079bc                HAL_UART_TxCpltCallback
 .text.HAL_UART_ErrorCallback
                0x080079d0       0x14 cmake/stm32cubemx/CMakeFiles/STM32_Drivers.dir/__/__/Drivers/STM32G4xx_HAL_Driver/Src/stm32g4xx_hal_uart.c.obj
                0x080079d0                HAL_UART_ErrorCallback
 .text.HAL_UARTEx_RxEventCallback
                0x080079e4       0x18 cmake/stm32cubemx/CMakeFiles/STM32_Drivers.dir/__/__/Drivers/STM32G4xx_HAL_Driver/Src/stm32g4xx_hal_uart.c.obj
                0x080079e4                HAL_UARTEx_RxEventCallback
 .text.UART_SetConfig
                0x080079fc      0x598 cmake/stm32cubemx/CMakeFiles/STM32_Drivers.dir/__/__/Drivers/STM32G4xx_HAL_Driver/Src/stm32g4xx_hal_uart.c.obj
                0x080079fc                UART_SetConfig
 .text.UART_AdvFeatureConfig
                0x08007f94      0x144 cmake/stm32cubemx/CMakeFiles/STM32_Drivers.dir/__/__/Drivers/STM32G4xx_HAL_Driver/Src/stm32g4xx_hal_uart.c.obj
                0x08007f94                UART_AdvFeatureConfig
 .text.UART_CheckIdleState
                0x080080d8      0x154 cmake/stm32cubemx/CMakeFiles/STM32_Drivers.dir/__/__/Drivers/STM32G4xx_HAL_Driver/Src/stm32g4xx_hal_uart.c.obj
                0x080080d8                UART_CheckIdleState
 .text.UART_WaitOnFlagUntilTimeout
                0x0800822c       0xda cmake/stm32cubemx/CMakeFiles/STM32_Drivers.dir/__/__/Drivers/STM32G4xx_HAL_Driver/Src/stm32g4xx_hal_uart.c.obj
                0x0800822c                UART_WaitOnFlagUntilTimeout
 *fill*         0x08008306        0x2 
 .text.UART_Start_Receive_IT
                0x08008308      0x244 cmake/stm32cubemx/CMakeFiles/STM32_Drivers.dir/__/__/Drivers/STM32G4xx_HAL_Driver/Src/stm32g4xx_hal_uart.c.obj
                0x08008308                UART_Start_Receive_IT
 .text.UART_EndRxTransfer
                0x0800854c       0xcc cmake/stm32cubemx/CMakeFiles/STM32_Drivers.dir/__/__/Drivers/STM32G4xx_HAL_Driver/Src/stm32g4xx_hal_uart.c.obj
 .text.UART_DMAAbortOnError
                0x08008618       0x24 cmake/stm32cubemx/CMakeFiles/STM32_Drivers.dir/__/__/Drivers/STM32G4xx_HAL_Driver/Src/stm32g4xx_hal_uart.c.obj
 .text.UART_EndTransmit_IT
                0x0800863c       0x56 cmake/stm32cubemx/CMakeFiles/STM32_Drivers.dir/__/__/Drivers/STM32G4xx_HAL_Driver/Src/stm32g4xx_hal_uart.c.obj
 *fill*         0x08008692        0x2 
 .text.UART_RxISR_8BIT
                0x08008694      0x1b8 cmake/stm32cubemx/CMakeFiles/STM32_Drivers.dir/__/__/Drivers/STM32G4xx_HAL_Driver/Src/stm32g4xx_hal_uart.c.obj
 .text.UART_RxISR_16BIT
                0x0800884c      0x1b8 cmake/stm32cubemx/CMakeFiles/STM32_Drivers.dir/__/__/Drivers/STM32G4xx_HAL_Driver/Src/stm32g4xx_hal_uart.c.obj
 .text.UART_RxISR_8BIT_FIFOEN
                0x08008a04      0x364 cmake/stm32cubemx/CMakeFiles/STM32_Drivers.dir/__/__/Drivers/STM32G4xx_HAL_Driver/Src/stm32g4xx_hal_uart.c.obj
 .text.UART_RxISR_16BIT_FIFOEN
                0x08008d68      0x36c cmake/stm32cubemx/CMakeFiles/STM32_Drivers.dir/__/__/Drivers/STM32G4xx_HAL_Driver/Src/stm32g4xx_hal_uart.c.obj
 .text.HAL_UARTEx_WakeupCallback
                0x080090d4       0x14 cmake/stm32cubemx/CMakeFiles/STM32_Drivers.dir/__/__/Drivers/STM32G4xx_HAL_Driver/Src/stm32g4xx_hal_uart_ex.c.obj
                0x080090d4                HAL_UARTEx_WakeupCallback
 .text.HAL_UARTEx_RxFifoFullCallback
                0x080090e8       0x14 cmake/stm32cubemx/CMakeFiles/STM32_Drivers.dir/__/__/Drivers/STM32G4xx_HAL_Driver/Src/stm32g4xx_hal_uart_ex.c.obj
                0x080090e8                HAL_UARTEx_RxFifoFullCallback
 .text.HAL_UARTEx_TxFifoEmptyCallback
                0x080090fc       0x14 cmake/stm32cubemx/CMakeFiles/STM32_Drivers.dir/__/__/Drivers/STM32G4xx_HAL_Driver/Src/stm32g4xx_hal_uart_ex.c.obj
                0x080090fc                HAL_UARTEx_TxFifoEmptyCallback
 .text.HAL_UARTEx_DisableFifoMode
                0x08009110       0x72 cmake/stm32cubemx/CMakeFiles/STM32_Drivers.dir/__/__/Drivers/STM32G4xx_HAL_Driver/Src/stm32g4xx_hal_uart_ex.c.obj
                0x08009110                HAL_UARTEx_DisableFifoMode
 .text.HAL_UARTEx_SetTxFifoThreshold
                0x08009182       0x7c cmake/stm32cubemx/CMakeFiles/STM32_Drivers.dir/__/__/Drivers/STM32G4xx_HAL_Driver/Src/stm32g4xx_hal_uart_ex.c.obj
                0x08009182                HAL_UARTEx_SetTxFifoThreshold
 .text.HAL_UARTEx_SetRxFifoThreshold
                0x080091fe       0x7c cmake/stm32cubemx/CMakeFiles/STM32_Drivers.dir/__/__/Drivers/STM32G4xx_HAL_Driver/Src/stm32g4xx_hal_uart_ex.c.obj
                0x080091fe                HAL_UARTEx_SetRxFifoThreshold
 *fill*         0x0800927a        0x2 
 .text.UARTEx_SetNbDataToProcess
                0x0800927c       0x9c cmake/stm32cubemx/CMakeFiles/STM32_Drivers.dir/__/__/Drivers/STM32G4xx_HAL_Driver/Src/stm32g4xx_hal_uart_ex.c.obj
 .text.HAL_TIM_PeriodElapsedCallback
                0x08009318       0x1e CMakeFiles/Wheel.dir/Core/Src/main.c.obj
                0x08009318                HAL_TIM_PeriodElapsedCallback
 *fill*         0x08009336        0x2 
 .text.main     0x08009338       0x70 CMakeFiles/Wheel.dir/Core/Src/main.c.obj
                0x08009338                main
 .text.SystemClock_Config
                0x080093a8       0x96 CMakeFiles/Wheel.dir/Core/Src/main.c.obj
                0x080093a8                SystemClock_Config
 .text.Error_Handler
                0x0800943e        0xc CMakeFiles/Wheel.dir/Core/Src/main.c.obj
                0x0800943e                Error_Handler
 *fill*         0x0800944a        0x2 
 .text.MX_GPIO_Init
                0x0800944c      0x114 CMakeFiles/Wheel.dir/Core/Src/gpio.c.obj
                0x0800944c                MX_GPIO_Init
 .text.MX_ADC1_Init
                0x08009560      0x14c CMakeFiles/Wheel.dir/Core/Src/adc.c.obj
                0x08009560                MX_ADC1_Init
 .text.HAL_ADC_MspInit
                0x080096ac      0x118 CMakeFiles/Wheel.dir/Core/Src/adc.c.obj
                0x080096ac                HAL_ADC_MspInit
 .text.MX_DMA_Init
                0x080097c4       0x74 CMakeFiles/Wheel.dir/Core/Src/dma.c.obj
                0x080097c4                MX_DMA_Init
 .text.MX_FDCAN1_Init
                0x08009838       0x8c CMakeFiles/Wheel.dir/Core/Src/fdcan.c.obj
                0x08009838                MX_FDCAN1_Init
 .text.HAL_FDCAN_MspInit
                0x080098c4       0xb4 CMakeFiles/Wheel.dir/Core/Src/fdcan.c.obj
                0x080098c4                HAL_FDCAN_MspInit
 .text.MX_SPI1_Init
                0x08009978       0x7c CMakeFiles/Wheel.dir/Core/Src/spi.c.obj
                0x08009978                MX_SPI1_Init
 .text.HAL_SPI_MspInit
                0x080099f4      0x13c CMakeFiles/Wheel.dir/Core/Src/spi.c.obj
                0x080099f4                HAL_SPI_MspInit
 .text.MX_TIM1_Init
                0x08009b30      0x1b0 CMakeFiles/Wheel.dir/Core/Src/tim.c.obj
                0x08009b30                MX_TIM1_Init
 .text.MX_TIM2_Init
                0x08009ce0       0x9c CMakeFiles/Wheel.dir/Core/Src/tim.c.obj
                0x08009ce0                MX_TIM2_Init
 .text.MX_TIM3_Init
                0x08009d7c       0xb4 CMakeFiles/Wheel.dir/Core/Src/tim.c.obj
                0x08009d7c                MX_TIM3_Init
 .text.HAL_TIM_Base_MspInit
                0x08009e30       0x80 CMakeFiles/Wheel.dir/Core/Src/tim.c.obj
                0x08009e30                HAL_TIM_Base_MspInit
 .text.HAL_TIM_PWM_MspInit
                0x08009eb0       0x40 CMakeFiles/Wheel.dir/Core/Src/tim.c.obj
                0x08009eb0                HAL_TIM_PWM_MspInit
 .text.HAL_TIM_MspPostInit
                0x08009ef0      0x118 CMakeFiles/Wheel.dir/Core/Src/tim.c.obj
                0x08009ef0                HAL_TIM_MspPostInit
 .text.__io_putchar
                0x0800a008       0x24 CMakeFiles/Wheel.dir/Core/Src/usart.c.obj
                0x0800a008                __io_putchar
 .text.MX_USART1_UART_Init
                0x0800a02c       0x98 CMakeFiles/Wheel.dir/Core/Src/usart.c.obj
                0x0800a02c                MX_USART1_UART_Init
 .text.HAL_UART_MspInit
                0x0800a0c4       0xc0 CMakeFiles/Wheel.dir/Core/Src/usart.c.obj
                0x0800a0c4                HAL_UART_MspInit
 .text.NMI_Handler
                0x0800a184        0x8 CMakeFiles/Wheel.dir/Core/Src/stm32g4xx_it.c.obj
                0x0800a184                NMI_Handler
 .text.HardFault_Handler
                0x0800a18c        0x8 CMakeFiles/Wheel.dir/Core/Src/stm32g4xx_it.c.obj
                0x0800a18c                HardFault_Handler
 .text.MemManage_Handler
                0x0800a194        0x8 CMakeFiles/Wheel.dir/Core/Src/stm32g4xx_it.c.obj
                0x0800a194                MemManage_Handler
 .text.BusFault_Handler
                0x0800a19c        0x8 CMakeFiles/Wheel.dir/Core/Src/stm32g4xx_it.c.obj
                0x0800a19c                BusFault_Handler
 .text.UsageFault_Handler
                0x0800a1a4        0x8 CMakeFiles/Wheel.dir/Core/Src/stm32g4xx_it.c.obj
                0x0800a1a4                UsageFault_Handler
 .text.SVC_Handler
                0x0800a1ac        0xe CMakeFiles/Wheel.dir/Core/Src/stm32g4xx_it.c.obj
                0x0800a1ac                SVC_Handler
 .text.DebugMon_Handler
                0x0800a1ba        0xe CMakeFiles/Wheel.dir/Core/Src/stm32g4xx_it.c.obj
                0x0800a1ba                DebugMon_Handler
 .text.PendSV_Handler
                0x0800a1c8        0xe CMakeFiles/Wheel.dir/Core/Src/stm32g4xx_it.c.obj
                0x0800a1c8                PendSV_Handler
 .text.SysTick_Handler
                0x0800a1d6        0xc CMakeFiles/Wheel.dir/Core/Src/stm32g4xx_it.c.obj
                0x0800a1d6                SysTick_Handler
 *fill*         0x0800a1e2        0x2 
 .text.DMA1_Channel1_IRQHandler
                0x0800a1e4       0x14 CMakeFiles/Wheel.dir/Core/Src/stm32g4xx_it.c.obj
                0x0800a1e4                DMA1_Channel1_IRQHandler
 .text.DMA1_Channel2_IRQHandler
                0x0800a1f8       0x14 CMakeFiles/Wheel.dir/Core/Src/stm32g4xx_it.c.obj
                0x0800a1f8                DMA1_Channel2_IRQHandler
 .text.DMA1_Channel3_IRQHandler
                0x0800a20c       0x14 CMakeFiles/Wheel.dir/Core/Src/stm32g4xx_it.c.obj
                0x0800a20c                DMA1_Channel3_IRQHandler
 .text.ADC1_2_IRQHandler
                0x0800a220       0x14 CMakeFiles/Wheel.dir/Core/Src/stm32g4xx_it.c.obj
                0x0800a220                ADC1_2_IRQHandler
 .text.TIM1_UP_TIM16_IRQHandler
                0x0800a234       0x14 CMakeFiles/Wheel.dir/Core/Src/stm32g4xx_it.c.obj
                0x0800a234                TIM1_UP_TIM16_IRQHandler
 .text.TIM2_IRQHandler
                0x0800a248       0x14 CMakeFiles/Wheel.dir/Core/Src/stm32g4xx_it.c.obj
                0x0800a248                TIM2_IRQHandler
 .text.USART1_IRQHandler
                0x0800a25c       0x14 CMakeFiles/Wheel.dir/Core/Src/stm32g4xx_it.c.obj
                0x0800a25c                USART1_IRQHandler
 .text.HAL_MspInit
                0x0800a270       0x48 CMakeFiles/Wheel.dir/Core/Src/stm32g4xx_hal_msp.c.obj
                0x0800a270                HAL_MspInit
 .text._sbrk    0x0800a2b8       0x6c CMakeFiles/Wheel.dir/Core/Src/sysmem.c.obj
                0x0800a2b8                _sbrk
 .text._getpid  0x0800a324       0x10 CMakeFiles/Wheel.dir/Core/Src/syscalls.c.obj
                0x0800a324                _getpid
 .text._kill    0x0800a334       0x20 CMakeFiles/Wheel.dir/Core/Src/syscalls.c.obj
                0x0800a334                _kill
 .text._exit    0x0800a354       0x16 CMakeFiles/Wheel.dir/Core/Src/syscalls.c.obj
                0x0800a354                _exit
 .text._read    0x0800a36a       0x3a CMakeFiles/Wheel.dir/Core/Src/syscalls.c.obj
                0x0800a36a                _read
 .text._write   0x0800a3a4       0x38 CMakeFiles/Wheel.dir/Core/Src/syscalls.c.obj
                0x0800a3a4                _write
 .text._close   0x0800a3dc       0x18 CMakeFiles/Wheel.dir/Core/Src/syscalls.c.obj
                0x0800a3dc                _close
 .text._fstat   0x0800a3f4       0x20 CMakeFiles/Wheel.dir/Core/Src/syscalls.c.obj
                0x0800a3f4                _fstat
 .text._isatty  0x0800a414       0x16 CMakeFiles/Wheel.dir/Core/Src/syscalls.c.obj
                0x0800a414                _isatty
 .text._lseek   0x0800a42a       0x1a CMakeFiles/Wheel.dir/Core/Src/syscalls.c.obj
                0x0800a42a                _lseek
 .text.Reset_Handler
                0x0800a444       0x50 CMakeFiles/Wheel.dir/startup_stm32g431xx.s.obj
                0x0800a444                Reset_Handler
 .text.Default_Handler
                0x0800a494        0x2 CMakeFiles/Wheel.dir/startup_stm32g431xx.s.obj
                0x0800a494                RTC_Alarm_IRQHandler
                0x0800a494                EXTI2_IRQHandler
                0x0800a494                TIM8_TRG_COM_IRQHandler
                0x0800a494                TIM8_CC_IRQHandler
                0x0800a494                TIM1_CC_IRQHandler
                0x0800a494                USB_HP_IRQHandler
                0x0800a494                CORDIC_IRQHandler
                0x0800a494                EXTI3_IRQHandler
                0x0800a494                I2C3_ER_IRQHandler
                0x0800a494                EXTI0_IRQHandler
                0x0800a494                I2C2_EV_IRQHandler
                0x0800a494                FPU_IRQHandler
                0x0800a494                FDCAN1_IT1_IRQHandler
                0x0800a494                SPI1_IRQHandler
                0x0800a494                TIM6_DAC_IRQHandler
                0x0800a494                TIM8_UP_IRQHandler
                0x0800a494                DMA2_Channel2_IRQHandler
                0x0800a494                DMA1_Channel4_IRQHandler
                0x0800a494                USART3_IRQHandler
                0x0800a494                TIM4_IRQHandler
                0x0800a494                DMA2_Channel1_IRQHandler
                0x0800a494                I2C1_EV_IRQHandler
                0x0800a494                DMA1_Channel6_IRQHandler
                0x0800a494                UART4_IRQHandler
                0x0800a494                DMA2_Channel4_IRQHandler
                0x0800a494                TIM3_IRQHandler
                0x0800a494                RCC_IRQHandler
                0x0800a494                Default_Handler
                0x0800a494                RTC_TAMP_LSECSS_IRQHandler
                0x0800a494                FMAC_IRQHandler
                0x0800a494                EXTI15_10_IRQHandler
                0x0800a494                TIM7_IRQHandler
                0x0800a494                UCPD1_IRQHandler
                0x0800a494                I2C3_EV_IRQHandler
                0x0800a494                EXTI9_5_IRQHandler
                0x0800a494                RTC_WKUP_IRQHandler
                0x0800a494                PVD_PVM_IRQHandler
                0x0800a494                SPI2_IRQHandler
                0x0800a494                DMA2_Channel5_IRQHandler
                0x0800a494                CRS_IRQHandler
                0x0800a494                DMA1_Channel5_IRQHandler
                0x0800a494                USB_LP_IRQHandler
                0x0800a494                EXTI4_IRQHandler
                0x0800a494                RNG_IRQHandler
                0x0800a494                TIM1_TRG_COM_TIM17_IRQHandler
                0x0800a494                WWDG_IRQHandler
                0x0800a494                LPUART1_IRQHandler
                0x0800a494                DMA2_Channel6_IRQHandler
                0x0800a494                FDCAN1_IT0_IRQHandler
                0x0800a494                COMP1_2_3_IRQHandler
                0x0800a494                EXTI1_IRQHandler
                0x0800a494                USART2_IRQHandler
                0x0800a494                I2C2_ER_IRQHandler
                0x0800a494                TIM8_BRK_IRQHandler
                0x0800a494                FLASH_IRQHandler
                0x0800a494                SPI3_IRQHandler
                0x0800a494                I2C1_ER_IRQHandler
                0x0800a494                LPTIM1_IRQHandler
                0x0800a494                DMAMUX_OVR_IRQHandler
                0x0800a494                USBWakeUp_IRQHandler
                0x0800a494                SAI1_IRQHandler
                0x0800a494                DMA2_Channel3_IRQHandler
                0x0800a494                COMP4_IRQHandler
                0x0800a494                TIM1_BRK_TIM15_IRQHandler
 .text._ZSt4fmodff
                0x0800a496       0x28 CMakeFiles/Wheel.dir/User/Controller/Src/foc.cpp.obj
                0x0800a496                std::fmod(float, float)
 *fill*         0x0800a4be        0x2 
 .text._ZN13FOCControllerC2EhP11EncoderBaseP10DriverBase
                0x0800a4c0       0x4c CMakeFiles/Wheel.dir/User/Controller/Src/foc.cpp.obj
                0x0800a4c0                FOCController::FOCController(unsigned char, EncoderBase*, DriverBase*)
                0x0800a4c0                FOCController::FOCController(unsigned char, EncoderBase*, DriverBase*)
 .text._ZN13FOCController4initEv
                0x0800a50c       0x94 CMakeFiles/Wheel.dir/User/Controller/Src/foc.cpp.obj
                0x0800a50c                FOCController::init()
 .text._ZN13FOCController12getElecAngleEv
                0x0800a5a0       0x78 CMakeFiles/Wheel.dir/User/Controller/Src/foc.cpp.obj
                0x0800a5a0                FOCController::getElecAngle()
 .text._ZN13FOCController12getMechAngleEv
                0x0800a618       0x28 CMakeFiles/Wheel.dir/User/Controller/Src/foc.cpp.obj
                0x0800a618                FOCController::getMechAngle()
 .text._ZN13FOCController15setPhaseVoltageEfff
                0x0800a640       0xd2 CMakeFiles/Wheel.dir/User/Controller/Src/foc.cpp.obj
                0x0800a640                FOCController::setPhaseVoltage(float, float, float)
 .text._ZN13FOCController17setTargetPositionEf
                0x0800a712       0x1e CMakeFiles/Wheel.dir/User/Controller/Src/foc.cpp.obj
                0x0800a712                FOCController::setTargetPosition(float)
 .text._ZN13FOCController17setTargetVelocityEf
                0x0800a730       0x1e CMakeFiles/Wheel.dir/User/Controller/Src/foc.cpp.obj
                0x0800a730                FOCController::setTargetVelocity(float)
 *fill*         0x0800a74e        0x2 
 .text._ZN13FOCController23invClarkeTransformationEffPfS0_S0_
                0x0800a750       0x7c CMakeFiles/Wheel.dir/User/Controller/Src/foc.cpp.obj
                0x0800a750                FOCController::invClarkeTransformation(float, float, float*, float*, float*)
 .text._ZN13FOCController21invParkTransformationEfffPfS0_
                0x0800a7cc       0x96 CMakeFiles/Wheel.dir/User/Controller/Src/foc.cpp.obj
                0x0800a7cc                FOCController::invParkTransformation(float, float, float, float*, float*)
 .text._ZN13FOCController11getVelocityEv
                0x0800a862       0x28 CMakeFiles/Wheel.dir/User/Controller/Src/foc.cpp.obj
                0x0800a862                FOCController::getVelocity()
 *fill*         0x0800a88a        0x2 
 .text._ZN13FOCController4loopEv
                0x0800a88c      0x1ec CMakeFiles/Wheel.dir/User/Controller/Src/foc.cpp.obj
                0x0800a88c                FOCController::loop()
 .text._ZSt3absf
                0x0800aa78       0x20 CMakeFiles/Wheel.dir/User/Boards/stm32g4/stm32g4Board.cpp.obj
                0x0800aa78                std::abs(float)
 .text._ZN10DriverBaseC2Ev
                0x0800aa98       0x20 CMakeFiles/Wheel.dir/User/Boards/stm32g4/stm32g4Board.cpp.obj
                0x0800aa98                DriverBase::DriverBase()
                0x0800aa98                DriverBase::DriverBase()
 .text._ZN7DRV8317C2Ev
                0x0800aab8       0x24 CMakeFiles/Wheel.dir/User/Boards/stm32g4/stm32g4Board.cpp.obj
                0x0800aab8                DRV8317::DRV8317()
                0x0800aab8                DRV8317::DRV8317()
 .text._ZN7DRV83174initEv
                0x0800aadc       0x6c CMakeFiles/Wheel.dir/User/Boards/stm32g4/stm32g4Board.cpp.obj
                0x0800aadc                DRV8317::init()
 .text._ZN7DRV83176setPWMEfff
                0x0800ab48      0x100 CMakeFiles/Wheel.dir/User/Boards/stm32g4/stm32g4Board.cpp.obj
                0x0800ab48                DRV8317::setPWM(float, float, float)
 .text._ZN11EncoderBaseC2Ev
                0x0800ac48       0x20 CMakeFiles/Wheel.dir/User/Boards/stm32g4/stm32g4Board.cpp.obj
                0x0800ac48                EncoderBase::EncoderBase()
                0x0800ac48                EncoderBase::EncoderBase()
 .text._ZN6MT6835C2Ev
                0x0800ac68       0x48 CMakeFiles/Wheel.dir/User/Boards/stm32g4/stm32g4Board.cpp.obj
                0x0800ac68                MT6835::MT6835()
                0x0800ac68                MT6835::MT6835()
 .text._ZN6MT68354initEv
                0x0800acb0       0x14 CMakeFiles/Wheel.dir/User/Boards/stm32g4/stm32g4Board.cpp.obj
                0x0800acb0                MT6835::init()
 .text._ZN6MT683512readRawAngleEv
                0x0800acc4       0xa4 CMakeFiles/Wheel.dir/User/Boards/stm32g4/stm32g4Board.cpp.obj
                0x0800acc4                MT6835::readRawAngle()
 .text._ZN6MT68359crc_tableEPKhh
                0x0800ad68       0x58 CMakeFiles/Wheel.dir/User/Boards/stm32g4/stm32g4Board.cpp.obj
                0x0800ad68                MT6835::crc_table(unsigned char const*, unsigned char)
 .text._ZN6MT68358getAngleEv
                0x0800adc0       0x3c CMakeFiles/Wheel.dir/User/Boards/stm32g4/stm32g4Board.cpp.obj
                0x0800adc0                MT6835::getAngle()
 .text._ZN6MT68359getRadianEv
                0x0800adfc       0x40 CMakeFiles/Wheel.dir/User/Boards/stm32g4/stm32g4Board.cpp.obj
                0x0800adfc                MT6835::getRadian()
 .text._ZN6MT683511getVelocityEv
                0x0800ae3c       0x1e CMakeFiles/Wheel.dir/User/Boards/stm32g4/stm32g4Board.cpp.obj
                0x0800ae3c                MT6835::getVelocity()
 *fill*         0x0800ae5a        0x2 
 .text._ZN6MT68356updateEm
                0x0800ae5c       0xdc CMakeFiles/Wheel.dir/User/Boards/stm32g4/stm32g4Board.cpp.obj
                0x0800ae5c                MT6835::update(unsigned long)
 .text.setup    0x0800af38       0x18 CMakeFiles/Wheel.dir/User/Application/Src/user.cpp.obj
                0x0800af38                setup
 .text.loop     0x0800af50       0x14 CMakeFiles/Wheel.dir/User/Application/Src/user.cpp.obj
                0x0800af50                loop
 .text._Z41__static_initialization_and_destruction_0v
                0x0800af64       0x2c CMakeFiles/Wheel.dir/User/Application/Src/user.cpp.obj
 .text._GLOBAL__sub_I_driver
                0x0800af90        0xa CMakeFiles/Wheel.dir/User/Application/Src/user.cpp.obj
 *fill*         0x0800af9a        0x2 
 .text.shellInit
                0x0800af9c       0xf0 CMakeFiles/Wheel.dir/User/Shell/Src/shell.c.obj
                0x0800af9c                shellInit
 .text.shellAdd
                0x0800b08c       0x4c CMakeFiles/Wheel.dir/User/Shell/Src/shell.c.obj
 .text.shellGetCurrent
                0x0800b0d8       0x64 CMakeFiles/Wheel.dir/User/Shell/Src/shell.c.obj
                0x0800b0d8                shellGetCurrent
 .text.shellWriteByte
                0x0800b13c       0x20 CMakeFiles/Wheel.dir/User/Shell/Src/shell.c.obj
 .text.shellWriteString
                0x0800b15c       0x48 CMakeFiles/Wheel.dir/User/Shell/Src/shell.c.obj
                0x0800b15c                shellWriteString
 .text.shellWriteCommandDesc
                0x0800b1a4       0x84 CMakeFiles/Wheel.dir/User/Shell/Src/shell.c.obj
 .text.shellWritePrompt
                0x0800b228       0x8c CMakeFiles/Wheel.dir/User/Shell/Src/shell.c.obj
 .text.shellCheckPermission
                0x0800b2b4       0x6c CMakeFiles/Wheel.dir/User/Shell/Src/shell.c.obj
                0x0800b2b4                shellCheckPermission
 .text.shellToHex
                0x0800b320       0x66 CMakeFiles/Wheel.dir/User/Shell/Src/shell.c.obj
                0x0800b320                shellToHex
 *fill*         0x0800b386        0x2 
 .text.shellToDec
                0x0800b388       0xb0 CMakeFiles/Wheel.dir/User/Shell/Src/shell.c.obj
                0x0800b388                shellToDec
 .text.shellStringCopy
                0x0800b438       0x4a CMakeFiles/Wheel.dir/User/Shell/Src/shell.c.obj
 .text.shellStringCompare
                0x0800b482       0x5e CMakeFiles/Wheel.dir/User/Shell/Src/shell.c.obj
 .text.shellGetCommandName
                0x0800b4e0       0x78 CMakeFiles/Wheel.dir/User/Shell/Src/shell.c.obj
 .text.shellGetCommandDesc
                0x0800b558       0x54 CMakeFiles/Wheel.dir/User/Shell/Src/shell.c.obj
 .text.shellListItem
                0x0800b5ac      0x144 CMakeFiles/Wheel.dir/User/Shell/Src/shell.c.obj
                0x0800b5ac                shellListItem
 .text.shellListCommand
                0x0800b6f0       0x88 CMakeFiles/Wheel.dir/User/Shell/Src/shell.c.obj
                0x0800b6f0                shellListCommand
 .text.shellListVar
                0x0800b778       0xa0 CMakeFiles/Wheel.dir/User/Shell/Src/shell.c.obj
                0x0800b778                shellListVar
 .text.shellListUser
                0x0800b818       0xa0 CMakeFiles/Wheel.dir/User/Shell/Src/shell.c.obj
                0x0800b818                shellListUser
 .text.shellListKey
                0x0800b8b8       0xa0 CMakeFiles/Wheel.dir/User/Shell/Src/shell.c.obj
                0x0800b8b8                shellListKey
 .text.shellListAll
                0x0800b958       0x16 CMakeFiles/Wheel.dir/User/Shell/Src/shell.c.obj
                0x0800b958                shellListAll
 *fill*         0x0800b96e        0x2 
 .text.shellDeleteCommandLine
                0x0800b970       0x30 CMakeFiles/Wheel.dir/User/Shell/Src/shell.c.obj
                0x0800b970                shellDeleteCommandLine
 .text.shellClearCommandLine
                0x0800b9a0       0x4a CMakeFiles/Wheel.dir/User/Shell/Src/shell.c.obj
                0x0800b9a0                shellClearCommandLine
 *fill*         0x0800b9ea        0x2 
 .text.shellInsertByte
                0x0800b9ec      0x1a8 CMakeFiles/Wheel.dir/User/Shell/Src/shell.c.obj
                0x0800b9ec                shellInsertByte
 .text.shellDeleteByte
                0x0800bb94      0x186 CMakeFiles/Wheel.dir/User/Shell/Src/shell.c.obj
                0x0800bb94                shellDeleteByte
 *fill*         0x0800bd1a        0x2 
 .text.shellSplit
                0x0800bd1c      0x1d8 CMakeFiles/Wheel.dir/User/Shell/Src/shell.c.obj
                0x0800bd1c                shellSplit
 .text.shellParserParam
                0x0800bef4       0x30 CMakeFiles/Wheel.dir/User/Shell/Src/shell.c.obj
 .text.shellRemoveParamQuotes
                0x0800bf24       0xa8 CMakeFiles/Wheel.dir/User/Shell/Src/shell.c.obj
 .text.shellSeekCommand
                0x0800bfcc       0xb8 CMakeFiles/Wheel.dir/User/Shell/Src/shell.c.obj
                0x0800bfcc                shellSeekCommand
 .text.shellGetVarValue
                0x0800c084       0x94 CMakeFiles/Wheel.dir/User/Shell/Src/shell.c.obj
                0x0800c084                shellGetVarValue
 .text.shellSetVarValue
                0x0800c118       0xf0 CMakeFiles/Wheel.dir/User/Shell/Src/shell.c.obj
                0x0800c118                shellSetVarValue
 .text.shellShowVar
                0x0800c208       0xf0 CMakeFiles/Wheel.dir/User/Shell/Src/shell.c.obj
 .text.shellSetVar
                0x0800c2f8       0x8c CMakeFiles/Wheel.dir/User/Shell/Src/shell.c.obj
                0x0800c2f8                shellSetVar
 .text.shellRunCommand
                0x0800c384       0xf0 CMakeFiles/Wheel.dir/User/Shell/Src/shell.c.obj
                0x0800c384                shellRunCommand
 .text.shellCheckPassword
                0x0800c474       0x60 CMakeFiles/Wheel.dir/User/Shell/Src/shell.c.obj
 .text.shellSetUser
                0x0800c4d4       0x90 CMakeFiles/Wheel.dir/User/Shell/Src/shell.c.obj
                0x0800c4d4                shellSetUser
 .text.shellWriteReturnValue
                0x0800c564       0xa8 CMakeFiles/Wheel.dir/User/Shell/Src/shell.c.obj
 .text.shellHistoryAdd
                0x0800c60c       0xbc CMakeFiles/Wheel.dir/User/Shell/Src/shell.c.obj
 .text.shellHistory
                0x0800c6c8      0x128 CMakeFiles/Wheel.dir/User/Shell/Src/shell.c.obj
 .text.shellNormalInput
                0x0800c7f0       0x2c CMakeFiles/Wheel.dir/User/Shell/Src/shell.c.obj
                0x0800c7f0                shellNormalInput
 .text.shellExec
                0x0800c81c       0xa4 CMakeFiles/Wheel.dir/User/Shell/Src/shell.c.obj
                0x0800c81c                shellExec
 .text.shellUp  0x0800c8c0       0x18 CMakeFiles/Wheel.dir/User/Shell/Src/shell.c.obj
                0x0800c8c0                shellUp
 .text.shellDown
                0x0800c8d8       0x1a CMakeFiles/Wheel.dir/User/Shell/Src/shell.c.obj
                0x0800c8d8                shellDown
 .text.shellRight
                0x0800c8f2       0x38 CMakeFiles/Wheel.dir/User/Shell/Src/shell.c.obj
                0x0800c8f2                shellRight
 .text.shellLeft
                0x0800c92a       0x2c CMakeFiles/Wheel.dir/User/Shell/Src/shell.c.obj
                0x0800c92a                shellLeft
 *fill*         0x0800c956        0x2 
 .text.shellTab
                0x0800c958      0x1a8 CMakeFiles/Wheel.dir/User/Shell/Src/shell.c.obj
                0x0800c958                shellTab
 .text.shellBackspace
                0x0800cb00       0x18 CMakeFiles/Wheel.dir/User/Shell/Src/shell.c.obj
                0x0800cb00                shellBackspace
 .text.shellDelete
                0x0800cb18       0x1a CMakeFiles/Wheel.dir/User/Shell/Src/shell.c.obj
                0x0800cb18                shellDelete
 .text.shellEnter
                0x0800cb32       0x1e CMakeFiles/Wheel.dir/User/Shell/Src/shell.c.obj
                0x0800cb32                shellEnter
 .text.shellWriteCommandHelp
                0x0800cb50       0x7c CMakeFiles/Wheel.dir/User/Shell/Src/shell.c.obj
 .text.shellHelp
                0x0800cbcc       0x3e CMakeFiles/Wheel.dir/User/Shell/Src/shell.c.obj
                0x0800cbcc                shellHelp
 *fill*         0x0800cc0a        0x2 
 .text.shellHandler
                0x0800cc0c      0x16c CMakeFiles/Wheel.dir/User/Shell/Src/shell.c.obj
                0x0800cc0c                shellHandler
 .text.shellWriteEndLine
                0x0800cd78       0x9c CMakeFiles/Wheel.dir/User/Shell/Src/shell.c.obj
                0x0800cd78                shellWriteEndLine
 .text.shellUsers
                0x0800ce14       0x20 CMakeFiles/Wheel.dir/User/Shell/Src/shell.c.obj
                0x0800ce14                shellUsers
 .text.shellCmds
                0x0800ce34       0x20 CMakeFiles/Wheel.dir/User/Shell/Src/shell.c.obj
                0x0800ce34                shellCmds
 .text.shellVars
                0x0800ce54       0x20 CMakeFiles/Wheel.dir/User/Shell/Src/shell.c.obj
                0x0800ce54                shellVars
 .text.shellKeys
                0x0800ce74       0x20 CMakeFiles/Wheel.dir/User/Shell/Src/shell.c.obj
                0x0800ce74                shellKeys
 .text.shellClear
                0x0800ce94       0x2c CMakeFiles/Wheel.dir/User/Shell/Src/shell.c.obj
                0x0800ce94                shellClear
 .text.shellExtNumType
                0x0800cec0       0x94 CMakeFiles/Wheel.dir/User/Shell/Src/shell_ext.c.obj
 .text.shellExtToNum
                0x0800cf54       0x54 CMakeFiles/Wheel.dir/User/Shell/Src/shell_ext.c.obj
 .text.shellExtParseChar
                0x0800cfa8       0xd0 CMakeFiles/Wheel.dir/User/Shell/Src/shell_ext.c.obj
 .text.shellExtParseString
                0x0800d078       0x8c CMakeFiles/Wheel.dir/User/Shell/Src/shell_ext.c.obj
 .text.shellExtParseNumber
                0x0800d104      0x146 CMakeFiles/Wheel.dir/User/Shell/Src/shell_ext.c.obj
 .text.shellExtParseVar
                0x0800d24a       0x44 CMakeFiles/Wheel.dir/User/Shell/Src/shell_ext.c.obj
 .text.shellExtParsePara
                0x0800d28e       0xb8 CMakeFiles/Wheel.dir/User/Shell/Src/shell_ext.c.obj
                0x0800d28e                shellExtParsePara
 *fill*         0x0800d346        0x2 
 .text.shellExtRun
                0x0800d348      0x184 CMakeFiles/Wheel.dir/User/Shell/Src/shell_ext.c.obj
                0x0800d348                shellExtRun
 .text.userShellWrite
                0x0800d4cc       0x28 CMakeFiles/Wheel.dir/User/Shell/Src/shell_port.c.obj
                0x0800d4cc                userShellWrite
 .text.HAL_UART_RxCpltCallback
                0x0800d4f4       0x3c CMakeFiles/Wheel.dir/User/Shell/Src/shell_port.c.obj
                0x0800d4f4                HAL_UART_RxCpltCallback
 .text.uartLogWrite
                0x0800d530       0x28 CMakeFiles/Wheel.dir/User/Shell/Src/shell_port.c.obj
                0x0800d530                uartLogWrite
 .text.userShellInit
                0x0800d558       0x44 CMakeFiles/Wheel.dir/User/Shell/Src/shell_port.c.obj
                0x0800d558                userShellInit
 .text.logRegister
                0x0800d59c       0x5c CMakeFiles/Wheel.dir/User/Shell/Src/log.c.obj
                0x0800d59c                logRegister
 .text.logSetLevel
                0x0800d5f8       0x48 CMakeFiles/Wheel.dir/User/Shell/Src/log.c.obj
                0x0800d5f8                logSetLevel
 .text.logWriteBuffer
                0x0800d640       0xb4 CMakeFiles/Wheel.dir/User/Shell/Src/log.c.obj
 .text.logWrite
                0x0800d6f4       0x50 CMakeFiles/Wheel.dir/User/Shell/Src/log.c.obj
                0x0800d6f4                logWrite
 .text.logHexDump
                0x0800d744      0x224 CMakeFiles/Wheel.dir/User/Shell/Src/log.c.obj
                0x0800d744                logHexDump
 .text._Z11setPositionf
                0x0800d968       0x40 CMakeFiles/Wheel.dir/User/Application/Src/utilities.cpp.obj
                0x0800d968                setPosition(float)
 .text._Z17agencysetPositioniiiiiii
                0x0800d9a8       0x24 CMakeFiles/Wheel.dir/User/Application/Src/utilities.cpp.obj
                0x0800d9a8                agencysetPosition(int, int, int, int, int, int, int)
 .text._Z11setVelocityf
                0x0800d9cc       0x40 CMakeFiles/Wheel.dir/User/Application/Src/utilities.cpp.obj
                0x0800d9cc                setVelocity(float)
 .text._Z17agencysetVelocityiiiiiii
                0x0800da0c       0x24 CMakeFiles/Wheel.dir/User/Application/Src/utilities.cpp.obj
                0x0800da0c                agencysetVelocity(int, int, int, int, int, int, int)
 .text._Z11getPositionv
                0x0800da30       0x38 CMakeFiles/Wheel.dir/User/Application/Src/utilities.cpp.obj
                0x0800da30                getPosition()
 .text._Z11getVelocityv
                0x0800da68       0x38 CMakeFiles/Wheel.dir/User/Application/Src/utilities.cpp.obj
                0x0800da68                getVelocity()
 .text.arm_pid_init_f32
                0x0800daa0       0x3c F:/Studio/Project/Rabbot/Actuator/Motor/Wheel/Middlewares/ST/ARM/DSP/Lib/libarm_cortexM4lf_math.a(arm_pid_init_f32.o)
                0x0800daa0                arm_pid_init_f32
 .text.arm_sin_f32
                0x0800dadc       0x8c F:/Studio/Project/Rabbot/Actuator/Motor/Wheel/Middlewares/ST/ARM/DSP/Lib/libarm_cortexM4lf_math.a(arm_sin_f32.o)
                0x0800dadc                arm_sin_f32
 .text.arm_cos_f32
                0x0800db68       0x94 F:/Studio/Project/Rabbot/Actuator/Motor/Wheel/Middlewares/ST/ARM/DSP/Lib/libarm_cortexM4lf_math.a(arm_cos_f32.o)
                0x0800db68                arm_cos_f32
 .text.fmodf    0x0800dbfc       0x40 D:/STM32CubeCLT_1.18.0/GNU-tools-for-STM32/bin/../lib/gcc/arm-none-eabi/13.3.1/../../../../arm-none-eabi/lib/thumb/v7e-m+fp/hard\libm.a(libm_a-wf_fmod.o)
                0x0800dbfc                fmodf
 .text.__ieee754_fmodf
                0x0800dc3c      0x104 D:/STM32CubeCLT_1.18.0/GNU-tools-for-STM32/bin/../lib/gcc/arm-none-eabi/13.3.1/../../../../arm-none-eabi/lib/thumb/v7e-m+fp/hard\libm.a(libm_a-ef_fmod.o)
                0x0800dc3c                __ieee754_fmodf
 .text.std      0x0800dd40       0x6c D:/STM32CubeCLT_1.18.0/GNU-tools-for-STM32/bin/../lib/gcc/arm-none-eabi/13.3.1/../../../../arm-none-eabi/lib/thumb/v7e-m+fp/hard\libc.a(libc_a-findfp.o)
 .text.stdio_exit_handler
                0x0800ddac       0x18 D:/STM32CubeCLT_1.18.0/GNU-tools-for-STM32/bin/../lib/gcc/arm-none-eabi/13.3.1/../../../../arm-none-eabi/lib/thumb/v7e-m+fp/hard\libc.a(libc_a-findfp.o)
 .text.cleanup_stdio
                0x0800ddc4       0x40 D:/STM32CubeCLT_1.18.0/GNU-tools-for-STM32/bin/../lib/gcc/arm-none-eabi/13.3.1/../../../../arm-none-eabi/lib/thumb/v7e-m+fp/hard\libc.a(libc_a-findfp.o)
 .text.global_stdio_init.part.0
                0x0800de04       0x3c D:/STM32CubeCLT_1.18.0/GNU-tools-for-STM32/bin/../lib/gcc/arm-none-eabi/13.3.1/../../../../arm-none-eabi/lib/thumb/v7e-m+fp/hard\libc.a(libc_a-findfp.o)
 .text.__sfp_lock_acquire
                0x0800de40        0xc D:/STM32CubeCLT_1.18.0/GNU-tools-for-STM32/bin/../lib/gcc/arm-none-eabi/13.3.1/../../../../arm-none-eabi/lib/thumb/v7e-m+fp/hard\libc.a(libc_a-findfp.o)
                0x0800de40                __sfp_lock_acquire
 .text.__sfp_lock_release
                0x0800de4c        0xc D:/STM32CubeCLT_1.18.0/GNU-tools-for-STM32/bin/../lib/gcc/arm-none-eabi/13.3.1/../../../../arm-none-eabi/lib/thumb/v7e-m+fp/hard\libc.a(libc_a-findfp.o)
                0x0800de4c                __sfp_lock_release
 .text.__sinit  0x0800de58       0x30 D:/STM32CubeCLT_1.18.0/GNU-tools-for-STM32/bin/../lib/gcc/arm-none-eabi/13.3.1/../../../../arm-none-eabi/lib/thumb/v7e-m+fp/hard\libc.a(libc_a-findfp.o)
                0x0800de58                __sinit
 .text._fwalk_sglue
                0x0800de88       0x3c D:/STM32CubeCLT_1.18.0/GNU-tools-for-STM32/bin/../lib/gcc/arm-none-eabi/13.3.1/../../../../arm-none-eabi/lib/thumb/v7e-m+fp/hard\libc.a(libc_a-fwalk.o)
                0x0800de88                _fwalk_sglue
 .text.snprintf
                0x0800dec4       0x6c D:/STM32CubeCLT_1.18.0/GNU-tools-for-STM32/bin/../lib/gcc/arm-none-eabi/13.3.1/../../../../arm-none-eabi/lib/thumb/v7e-m+fp/hard\libc.a(libc_a-snprintf.o)
                0x0800dec4                snprintf
 .text.sprintf  0x0800df30       0x44 D:/STM32CubeCLT_1.18.0/GNU-tools-for-STM32/bin/../lib/gcc/arm-none-eabi/13.3.1/../../../../arm-none-eabi/lib/thumb/v7e-m+fp/hard\libc.a(libc_a-sprintf.o)
                0x0800df30                sprintf
 .text.__sread  0x0800df74       0x22 D:/STM32CubeCLT_1.18.0/GNU-tools-for-STM32/bin/../lib/gcc/arm-none-eabi/13.3.1/../../../../arm-none-eabi/lib/thumb/v7e-m+fp/hard\libc.a(libc_a-stdio.o)
                0x0800df74                __sread
 .text.__swrite
                0x0800df96       0x38 D:/STM32CubeCLT_1.18.0/GNU-tools-for-STM32/bin/../lib/gcc/arm-none-eabi/13.3.1/../../../../arm-none-eabi/lib/thumb/v7e-m+fp/hard\libc.a(libc_a-stdio.o)
                0x0800df96                __swrite
 .text.__sseek  0x0800dfce       0x24 D:/STM32CubeCLT_1.18.0/GNU-tools-for-STM32/bin/../lib/gcc/arm-none-eabi/13.3.1/../../../../arm-none-eabi/lib/thumb/v7e-m+fp/hard\libc.a(libc_a-stdio.o)
                0x0800dfce                __sseek
 .text.__sclose
                0x0800dff2        0x8 D:/STM32CubeCLT_1.18.0/GNU-tools-for-STM32/bin/../lib/gcc/arm-none-eabi/13.3.1/../../../../arm-none-eabi/lib/thumb/v7e-m+fp/hard\libc.a(libc_a-stdio.o)
                0x0800dff2                __sclose
 .text._vsnprintf_r
                0x0800dffa       0x5c D:/STM32CubeCLT_1.18.0/GNU-tools-for-STM32/bin/../lib/gcc/arm-none-eabi/13.3.1/../../../../arm-none-eabi/lib/thumb/v7e-m+fp/hard\libc.a(libc_a-vsnprintf.o)
                0x0800dffa                _vsnprintf_r
 *fill*         0x0800e056        0x2 
 .text.vsnprintf
                0x0800e058       0x1c D:/STM32CubeCLT_1.18.0/GNU-tools-for-STM32/bin/../lib/gcc/arm-none-eabi/13.3.1/../../../../arm-none-eabi/lib/thumb/v7e-m+fp/hard\libc.a(libc_a-vsnprintf.o)
                0x0800e058                vsnprintf
 .text.memset   0x0800e074       0x10 D:/STM32CubeCLT_1.18.0/GNU-tools-for-STM32/bin/../lib/gcc/arm-none-eabi/13.3.1/../../../../arm-none-eabi/lib/thumb/v7e-m+fp/hard\libc.a(libc_a-memset.o)
                0x0800e074                memset
 .text.strncmp  0x0800e084       0x24 D:/STM32CubeCLT_1.18.0/GNU-tools-for-STM32/bin/../lib/gcc/arm-none-eabi/13.3.1/../../../../arm-none-eabi/lib/thumb/v7e-m+fp/hard\libc.a(libc_a-strncmp.o)
                0x0800e084                strncmp
 .text._close_r
                0x0800e0a8       0x20 D:/STM32CubeCLT_1.18.0/GNU-tools-for-STM32/bin/../lib/gcc/arm-none-eabi/13.3.1/../../../../arm-none-eabi/lib/thumb/v7e-m+fp/hard\libc.a(libc_a-closer.o)
                0x0800e0a8                _close_r
 .text._lseek_r
                0x0800e0c8       0x24 D:/STM32CubeCLT_1.18.0/GNU-tools-for-STM32/bin/../lib/gcc/arm-none-eabi/13.3.1/../../../../arm-none-eabi/lib/thumb/v7e-m+fp/hard\libc.a(libc_a-lseekr.o)
                0x0800e0c8                _lseek_r
 .text._read_r  0x0800e0ec       0x24 D:/STM32CubeCLT_1.18.0/GNU-tools-for-STM32/bin/../lib/gcc/arm-none-eabi/13.3.1/../../../../arm-none-eabi/lib/thumb/v7e-m+fp/hard\libc.a(libc_a-readr.o)
                0x0800e0ec                _read_r
 .text._write_r
                0x0800e110       0x24 D:/STM32CubeCLT_1.18.0/GNU-tools-for-STM32/bin/../lib/gcc/arm-none-eabi/13.3.1/../../../../arm-none-eabi/lib/thumb/v7e-m+fp/hard\libc.a(libc_a-writer.o)
                0x0800e110                _write_r
 .text.__errno  0x0800e134        0xc D:/STM32CubeCLT_1.18.0/GNU-tools-for-STM32/bin/../lib/gcc/arm-none-eabi/13.3.1/../../../../arm-none-eabi/lib/thumb/v7e-m+fp/hard\libc.a(libc_a-errno.o)
                0x0800e134                __errno
 .text.__libc_init_array
                0x0800e140       0x48 D:/STM32CubeCLT_1.18.0/GNU-tools-for-STM32/bin/../lib/gcc/arm-none-eabi/13.3.1/../../../../arm-none-eabi/lib/thumb/v7e-m+fp/hard\libc.a(libc_a-init.o)
                0x0800e140                __libc_init_array
 .text.__retarget_lock_init_recursive
                0x0800e188        0x2 D:/STM32CubeCLT_1.18.0/GNU-tools-for-STM32/bin/../lib/gcc/arm-none-eabi/13.3.1/../../../../arm-none-eabi/lib/thumb/v7e-m+fp/hard\libc.a(libc_a-lock.o)
                0x0800e188                __retarget_lock_init_recursive
 .text.__retarget_lock_close_recursive
                0x0800e18a        0x2 D:/STM32CubeCLT_1.18.0/GNU-tools-for-STM32/bin/../lib/gcc/arm-none-eabi/13.3.1/../../../../arm-none-eabi/lib/thumb/v7e-m+fp/hard\libc.a(libc_a-lock.o)
                0x0800e18a                __retarget_lock_close_recursive
 .text.__retarget_lock_acquire_recursive
                0x0800e18c        0x2 D:/STM32CubeCLT_1.18.0/GNU-tools-for-STM32/bin/../lib/gcc/arm-none-eabi/13.3.1/../../../../arm-none-eabi/lib/thumb/v7e-m+fp/hard\libc.a(libc_a-lock.o)
                0x0800e18c                __retarget_lock_acquire_recursive
 .text.__retarget_lock_release_recursive
                0x0800e18e        0x2 D:/STM32CubeCLT_1.18.0/GNU-tools-for-STM32/bin/../lib/gcc/arm-none-eabi/13.3.1/../../../../arm-none-eabi/lib/thumb/v7e-m+fp/hard\libc.a(libc_a-lock.o)
                0x0800e18e                __retarget_lock_release_recursive
 .text.startup.register_fini
                0x0800e190       0x14 D:/STM32CubeCLT_1.18.0/GNU-tools-for-STM32/bin/../lib/gcc/arm-none-eabi/13.3.1/../../../../arm-none-eabi/lib/thumb/v7e-m+fp/hard\libc.a(libc_a-__call_atexit.o)
 .text.atexit   0x0800e1a4        0xc D:/STM32CubeCLT_1.18.0/GNU-tools-for-STM32/bin/../lib/gcc/arm-none-eabi/13.3.1/../../../../arm-none-eabi/lib/thumb/v7e-m+fp/hard\libc.a(libc_a-atexit.o)
                0x0800e1a4                atexit
 .text._malloc_trim_r
                0x0800e1b0       0xac D:/STM32CubeCLT_1.18.0/GNU-tools-for-STM32/bin/../lib/gcc/arm-none-eabi/13.3.1/../../../../arm-none-eabi/lib/thumb/v7e-m+fp/hard\libc.a(libc_a-freer.o)
                0x0800e1b0                _malloc_trim_r
 .text._free_r  0x0800e25c      0x180 D:/STM32CubeCLT_1.18.0/GNU-tools-for-STM32/bin/../lib/gcc/arm-none-eabi/13.3.1/../../../../arm-none-eabi/lib/thumb/v7e-m+fp/hard\libc.a(libc_a-freer.o)
                0x0800e25c                _free_r
 .text._malloc_r
                0x0800e3dc      0x474 D:/STM32CubeCLT_1.18.0/GNU-tools-for-STM32/bin/../lib/gcc/arm-none-eabi/13.3.1/../../../../arm-none-eabi/lib/thumb/v7e-m+fp/hard\libc.a(libc_a-mallocr.o)
                0x0800e3dc                _malloc_r
 .text.__malloc_lock
                0x0800e850        0xc D:/STM32CubeCLT_1.18.0/GNU-tools-for-STM32/bin/../lib/gcc/arm-none-eabi/13.3.1/../../../../arm-none-eabi/lib/thumb/v7e-m+fp/hard\libc.a(libc_a-mlock.o)
                0x0800e850                __malloc_lock
 .text.__malloc_unlock
                0x0800e85c        0xc D:/STM32CubeCLT_1.18.0/GNU-tools-for-STM32/bin/../lib/gcc/arm-none-eabi/13.3.1/../../../../arm-none-eabi/lib/thumb/v7e-m+fp/hard\libc.a(libc_a-mlock.o)
                0x0800e85c                __malloc_unlock
 .text._svfprintf_r
                0x0800e868     0x13ac D:/STM32CubeCLT_1.18.0/GNU-tools-for-STM32/bin/../lib/gcc/arm-none-eabi/13.3.1/../../../../arm-none-eabi/lib/thumb/v7e-m+fp/hard\libc.a(libc_a-svfprintf.o)
                0x0800e868                _svfprintf_r
 .text.__ssprint_r
                0x0800fc14       0x4e D:/STM32CubeCLT_1.18.0/GNU-tools-for-STM32/bin/../lib/gcc/arm-none-eabi/13.3.1/../../../../arm-none-eabi/lib/thumb/v7e-m+fp/hard\libc.a(libc_a-ssprint_r.o)
                0x0800fc14                __ssprint_r
 .text._fclose_r
                0x0800fc62       0xac D:/STM32CubeCLT_1.18.0/GNU-tools-for-STM32/bin/../lib/gcc/arm-none-eabi/13.3.1/../../../../arm-none-eabi/lib/thumb/v7e-m+fp/hard\libc.a(libc_a-fclose.o)
                0x0800fc62                _fclose_r
 *fill*         0x0800fd0e        0x2 
 .text.__sflush_r
                0x0800fd10      0x110 D:/STM32CubeCLT_1.18.0/GNU-tools-for-STM32/bin/../lib/gcc/arm-none-eabi/13.3.1/../../../../arm-none-eabi/lib/thumb/v7e-m+fp/hard\libc.a(libc_a-fflush.o)
                0x0800fd10                __sflush_r
 .text._fflush_r
                0x0800fe20       0x4a D:/STM32CubeCLT_1.18.0/GNU-tools-for-STM32/bin/../lib/gcc/arm-none-eabi/13.3.1/../../../../arm-none-eabi/lib/thumb/v7e-m+fp/hard\libc.a(libc_a-fflush.o)
                0x0800fe20                _fflush_r
 .text.strncpy  0x0800fe6a       0x26 D:/STM32CubeCLT_1.18.0/GNU-tools-for-STM32/bin/../lib/gcc/arm-none-eabi/13.3.1/../../../../arm-none-eabi/lib/thumb/v7e-m+fp/hard\libc.a(libc_a-strncpy.o)
                0x0800fe6a                strncpy
 .text._localeconv_r
                0x0800fe90        0x8 D:/STM32CubeCLT_1.18.0/GNU-tools-for-STM32/bin/../lib/gcc/arm-none-eabi/13.3.1/../../../../arm-none-eabi/lib/thumb/v7e-m+fp/hard\libc.a(libc_a-localeconv.o)
                0x0800fe90                _localeconv_r
 .text._sbrk_r  0x0800fe98       0x20 D:/STM32CubeCLT_1.18.0/GNU-tools-for-STM32/bin/../lib/gcc/arm-none-eabi/13.3.1/../../../../arm-none-eabi/lib/thumb/v7e-m+fp/hard\libc.a(libc_a-sbrkr.o)
                0x0800fe98                _sbrk_r
 .text.__libc_fini_array
                0x0800feb8       0x28 D:/STM32CubeCLT_1.18.0/GNU-tools-for-STM32/bin/../lib/gcc/arm-none-eabi/13.3.1/../../../../arm-none-eabi/lib/thumb/v7e-m+fp/hard\libc.a(libc_a-fini.o)
                0x0800feb8                __libc_fini_array
 .text.sysconf  0x0800fee0       0x18 D:/STM32CubeCLT_1.18.0/GNU-tools-for-STM32/bin/../lib/gcc/arm-none-eabi/13.3.1/../../../../arm-none-eabi/lib/thumb/v7e-m+fp/hard\libc.a(libc_a-sysconf.o)
                0x0800fee0                sysconf
 .text.frexp    0x0800fef8       0x68 D:/STM32CubeCLT_1.18.0/GNU-tools-for-STM32/bin/../lib/gcc/arm-none-eabi/13.3.1/../../../../arm-none-eabi/lib/thumb/v7e-m+fp/hard\libc.a(libm_a-s_frexp.o)
                0x0800fef8                frexp
 .text.__register_exitproc
                0x0800ff60       0x80 D:/STM32CubeCLT_1.18.0/GNU-tools-for-STM32/bin/../lib/gcc/arm-none-eabi/13.3.1/../../../../arm-none-eabi/lib/thumb/v7e-m+fp/hard\libc.a(libc_a-__atexit.o)
                0x0800ff60                __register_exitproc
 .text.quorem   0x0800ffe0      0x110 D:/STM32CubeCLT_1.18.0/GNU-tools-for-STM32/bin/../lib/gcc/arm-none-eabi/13.3.1/../../../../arm-none-eabi/lib/thumb/v7e-m+fp/hard\libc.a(libc_a-dtoa.o)
 .text._dtoa_r  0x080100f0      0xb6c D:/STM32CubeCLT_1.18.0/GNU-tools-for-STM32/bin/../lib/gcc/arm-none-eabi/13.3.1/../../../../arm-none-eabi/lib/thumb/v7e-m+fp/hard\libc.a(libc_a-dtoa.o)
                0x080100f0                _dtoa_r
 .text._Balloc  0x08010c5c       0x4a D:/STM32CubeCLT_1.18.0/GNU-tools-for-STM32/bin/../lib/gcc/arm-none-eabi/13.3.1/../../../../arm-none-eabi/lib/thumb/v7e-m+fp/hard\libc.a(libc_a-mprec.o)
                0x08010c5c                _Balloc
 .text._Bfree   0x08010ca6       0x12 D:/STM32CubeCLT_1.18.0/GNU-tools-for-STM32/bin/../lib/gcc/arm-none-eabi/13.3.1/../../../../arm-none-eabi/lib/thumb/v7e-m+fp/hard\libc.a(libc_a-mprec.o)
                0x08010ca6                _Bfree
 .text.__multadd
                0x08010cb8       0x8c D:/STM32CubeCLT_1.18.0/GNU-tools-for-STM32/bin/../lib/gcc/arm-none-eabi/13.3.1/../../../../arm-none-eabi/lib/thumb/v7e-m+fp/hard\libc.a(libc_a-mprec.o)
                0x08010cb8                __multadd
 .text.__hi0bits
                0x08010d44       0x3e D:/STM32CubeCLT_1.18.0/GNU-tools-for-STM32/bin/../lib/gcc/arm-none-eabi/13.3.1/../../../../arm-none-eabi/lib/thumb/v7e-m+fp/hard\libc.a(libc_a-mprec.o)
                0x08010d44                __hi0bits
 .text.__lo0bits
                0x08010d82       0x5a D:/STM32CubeCLT_1.18.0/GNU-tools-for-STM32/bin/../lib/gcc/arm-none-eabi/13.3.1/../../../../arm-none-eabi/lib/thumb/v7e-m+fp/hard\libc.a(libc_a-mprec.o)
                0x08010d82                __lo0bits
 .text.__i2b    0x08010ddc       0x2c D:/STM32CubeCLT_1.18.0/GNU-tools-for-STM32/bin/../lib/gcc/arm-none-eabi/13.3.1/../../../../arm-none-eabi/lib/thumb/v7e-m+fp/hard\libc.a(libc_a-mprec.o)
                0x08010ddc                __i2b
 .text.__multiply
                0x08010e08      0x144 D:/STM32CubeCLT_1.18.0/GNU-tools-for-STM32/bin/../lib/gcc/arm-none-eabi/13.3.1/../../../../arm-none-eabi/lib/thumb/v7e-m+fp/hard\libc.a(libc_a-mprec.o)
                0x08010e08                __multiply
 .text.__pow5mult
                0x08010f4c       0x80 D:/STM32CubeCLT_1.18.0/GNU-tools-for-STM32/bin/../lib/gcc/arm-none-eabi/13.3.1/../../../../arm-none-eabi/lib/thumb/v7e-m+fp/hard\libc.a(libc_a-mprec.o)
                0x08010f4c                __pow5mult
 .text.__lshift
                0x08010fcc       0xd8 D:/STM32CubeCLT_1.18.0/GNU-tools-for-STM32/bin/../lib/gcc/arm-none-eabi/13.3.1/../../../../arm-none-eabi/lib/thumb/v7e-m+fp/hard\libc.a(libc_a-mprec.o)
                0x08010fcc                __lshift
 .text.__mcmp   0x080110a4       0x36 D:/STM32CubeCLT_1.18.0/GNU-tools-for-STM32/bin/../lib/gcc/arm-none-eabi/13.3.1/../../../../arm-none-eabi/lib/thumb/v7e-m+fp/hard\libc.a(libc_a-mprec.o)
                0x080110a4                __mcmp
 *fill*         0x080110da        0x2 
 .text.__mdiff  0x080110dc      0x128 D:/STM32CubeCLT_1.18.0/GNU-tools-for-STM32/bin/../lib/gcc/arm-none-eabi/13.3.1/../../../../arm-none-eabi/lib/thumb/v7e-m+fp/hard\libc.a(libc_a-mprec.o)
                0x080110dc                __mdiff
 .text.__d2b    0x08011204       0xb0 D:/STM32CubeCLT_1.18.0/GNU-tools-for-STM32/bin/../lib/gcc/arm-none-eabi/13.3.1/../../../../arm-none-eabi/lib/thumb/v7e-m+fp/hard\libc.a(libc_a-mprec.o)
                0x08011204                __d2b
 .text.__ssputs_r
                0x080112b4       0xb6 D:/STM32CubeCLT_1.18.0/GNU-tools-for-STM32/bin/../lib/gcc/arm-none-eabi/13.3.1/../../../../arm-none-eabi/lib/thumb/v7e-m+fp/hard\libc.a(libc_a-ssputs_r.o)
                0x080112b4                __ssputs_r
 .text.memmove  0x0801136a       0x34 D:/STM32CubeCLT_1.18.0/GNU-tools-for-STM32/bin/../lib/gcc/arm-none-eabi/13.3.1/../../../../arm-none-eabi/lib/thumb/v7e-m+fp/hard\libc.a(libc_a-memmove.o)
                0x0801136a                memmove
 .text.memcpy   0x0801139e       0x1c D:/STM32CubeCLT_1.18.0/GNU-tools-for-STM32/bin/../lib/gcc/arm-none-eabi/13.3.1/../../../../arm-none-eabi/lib/thumb/v7e-m+fp/hard\libc.a(libc_a-memcpy-stub.o)
                0x0801139e                memcpy
 *fill*         0x080113ba        0x2 
 .text.__assert_func
                0x080113bc       0x3c D:/STM32CubeCLT_1.18.0/GNU-tools-for-STM32/bin/../lib/gcc/arm-none-eabi/13.3.1/../../../../arm-none-eabi/lib/thumb/v7e-m+fp/hard\libc.a(libc_a-assert.o)
                0x080113bc                __assert_func
 .text._calloc_r
                0x080113f8       0x6a D:/STM32CubeCLT_1.18.0/GNU-tools-for-STM32/bin/../lib/gcc/arm-none-eabi/13.3.1/../../../../arm-none-eabi/lib/thumb/v7e-m+fp/hard\libc.a(libc_a-callocr.o)
                0x080113f8                _calloc_r
 .text.__ascii_mbtowc
                0x08011462       0x24 D:/STM32CubeCLT_1.18.0/GNU-tools-for-STM32/bin/../lib/gcc/arm-none-eabi/13.3.1/../../../../arm-none-eabi/lib/thumb/v7e-m+fp/hard\libc.a(libc_a-mbtowc_r.o)
                0x08011462                __ascii_mbtowc
 *fill*         0x08011486        0x2 
 .text._realloc_r
                0x08011488      0x350 D:/STM32CubeCLT_1.18.0/GNU-tools-for-STM32/bin/../lib/gcc/arm-none-eabi/13.3.1/../../../../arm-none-eabi/lib/thumb/v7e-m+fp/hard\libc.a(libc_a-reallocr.o)
                0x08011488                _realloc_r
 .text.__ascii_wctomb